Archive member included to satisfy reference by file (symbol)

app/libapp.a(main.c.obj)      (--whole-archive)
zephyr/libzephyr.a(soc_nrf_common.S.obj)
                              (--whole-archive)
zephyr/libzephyr.a(assert.c.obj)
                              (--whole-archive)
zephyr/libzephyr.a(bitarray.c.obj)
                              (--whole-archive)
zephyr/libzephyr.a(cbprintf.c.obj)
                              (--whole-archive)
zephyr/libzephyr.a(cbprintf_complete.c.obj)
                              (--whole-archive)
zephyr/libzephyr.a(cbprintf_packaged.c.obj)
                              (--whole-archive)
zephyr/libzephyr.a(configs.c.obj)
                              (--whole-archive)
zephyr/libzephyr.a(constraint.c.obj)
                              (--whole-archive)
zephyr/libzephyr.a(crc16_sw.c.obj)
                              (--whole-archive)
zephyr/libzephyr.a(crc32_sw.c.obj)
                              (--whole-archive)
zephyr/libzephyr.a(crc32c_sw.c.obj)
                              (--whole-archive)
zephyr/libzephyr.a(crc7_sw.c.obj)
                              (--whole-archive)
zephyr/libzephyr.a(crc8_sw.c.obj)
                              (--whole-archive)
zephyr/libzephyr.a(dec.c.obj)
                              (--whole-archive)
zephyr/libzephyr.a(fdtable.c.obj)
                              (--whole-archive)
zephyr/libzephyr.a(heap-validate.c.obj)
                              (--whole-archive)
zephyr/libzephyr.a(heap.c.obj)
                              (--whole-archive)
zephyr/libzephyr.a(hex.c.obj)
                              (--whole-archive)
zephyr/libzephyr.a(multi_heap.c.obj)
                              (--whole-archive)
zephyr/libzephyr.a(notify.c.obj)
                              (--whole-archive)
zephyr/libzephyr.a(nrf_cc3xx_platform_abort_zephyr.c.obj)
                              (--whole-archive)
zephyr/libzephyr.a(nrf_cc3xx_platform_mutex_zephyr.c.obj)
                              (--whole-archive)
zephyr/libzephyr.a(onoff.c.obj)
                              (--whole-archive)
zephyr/libzephyr.a(pm.c.obj)  (--whole-archive)
zephyr/libzephyr.a(printk.c.obj)
                              (--whole-archive)
zephyr/libzephyr.a(rb.c.obj)  (--whole-archive)
zephyr/libzephyr.a(reboot.c.obj)
                              (--whole-archive)
zephyr/libzephyr.a(residency.c.obj)
                              (--whole-archive)
zephyr/libzephyr.a(sem.c.obj)
                              (--whole-archive)
zephyr/libzephyr.a(thread_entry.c.obj)
                              (--whole-archive)
zephyr/libzephyr.a(timeutil.c.obj)
                              (--whole-archive)
zephyr/libzephyr.a(tracing_none.c.obj)
                              (--whole-archive)
zephyr/libzephyr.a(validate_base_addresses.c.obj)
                              (--whole-archive)
zephyr/libzephyr.a(validate_enabled_instances.c.obj)
                              (--whole-archive)
zephyr/arch/common/libarch__common.a(sw_isr_common.c.obj)
                              (--whole-archive)
zephyr/arch/arch/arm/core/aarch32/libarch__arm__core__aarch32.a(cpu_idle.S.obj)
                              (--whole-archive)
zephyr/arch/arch/arm/core/aarch32/libarch__arm__core__aarch32.a(isr_wrapper.S.obj)
                              (--whole-archive)
zephyr/arch/arch/arm/core/aarch32/libarch__arm__core__aarch32.a(nmi_on_reset.S.obj)
                              (--whole-archive)
zephyr/arch/arch/arm/core/aarch32/libarch__arm__core__aarch32.a(swap_helper.S.obj)
                              (--whole-archive)
zephyr/arch/arch/arm/core/aarch32/libarch__arm__core__aarch32.a(fatal.c.obj)
                              (--whole-archive)
zephyr/arch/arch/arm/core/aarch32/libarch__arm__core__aarch32.a(irq_manage.c.obj)
                              (--whole-archive)
zephyr/arch/arch/arm/core/aarch32/libarch__arm__core__aarch32.a(nmi.c.obj)
                              (--whole-archive)
zephyr/arch/arch/arm/core/aarch32/libarch__arm__core__aarch32.a(prep_c.c.obj)
                              (--whole-archive)
zephyr/arch/arch/arm/core/aarch32/libarch__arm__core__aarch32.a(swap.c.obj)
                              (--whole-archive)
zephyr/arch/arch/arm/core/aarch32/libarch__arm__core__aarch32.a(thread.c.obj)
                              (--whole-archive)
zephyr/arch/arch/arm/core/aarch32/cortex_m/libarch__arm__core__aarch32__cortex_m.a(exc_exit.S.obj)
                              (--whole-archive)
zephyr/arch/arch/arm/core/aarch32/cortex_m/libarch__arm__core__aarch32__cortex_m.a(fault_s.S.obj)
                              (--whole-archive)
zephyr/arch/arch/arm/core/aarch32/cortex_m/libarch__arm__core__aarch32__cortex_m.a(reset.S.obj)
                              (--whole-archive)
zephyr/arch/arch/arm/core/aarch32/cortex_m/libarch__arm__core__aarch32__cortex_m.a(vector_table.S.obj)
[...]
Memory Configuration

Name             Origin             Length             Attributes
FLASH            0x00000000         0x00100000         xr
SRAM             0x20000000         0x00040000         xw
IDT_LIST         0xfffff7ff         0x00000800         xw
*default*        0x00000000         0xffffffff

Linker script and memory map

LOAD zephyr/CMakeFiles/zephyr_final.dir/dev_handles.c.obj
LOAD zephyr/CMakeFiles/zephyr_final.dir/misc/empty_file.c.obj
LOAD zephyr/CMakeFiles/zephyr_final.dir/isr_tables.c.obj
                0x00000020                _region_min_align = 0x20

.rel.plt        0x00000000        0x0
 *(SORT_BY_ALIGNMENT(.rel.plt))
                [!provide]                PROVIDE (__rel_iplt_start = .)
 *(SORT_BY_ALIGNMENT(.rel.iplt))
 .rel.iplt      0x00000000        0x0 zephyr/CMakeFiles/zephyr_final.dir/dev_handles.c.obj
                [!provide]                PROVIDE (__rel_iplt_end = .)

.rela.plt       0x00000000        0x0
 *(SORT_BY_ALIGNMENT(.rela.plt))
                [!provide]                PROVIDE (__rela_iplt_start = .)
 *(SORT_BY_ALIGNMENT(.rela.iplt))
                [!provide]                PROVIDE (__rela_iplt_end = .)

.rel.dyn
 *(SORT_BY_ALIGNMENT(.rel.*))

.rela.dyn
 *(SORT_BY_ALIGNMENT(.rela.*))

/DISCARD/
 *(SORT_BY_ALIGNMENT(.plt))
 *(SORT_BY_ALIGNMENT(.iplt))
 *(SORT_BY_ALIGNMENT(.got.plt))
 *(SORT_BY_ALIGNMENT(.igot.plt))
 *(SORT_BY_ALIGNMENT(.got))
 *(SORT_BY_ALIGNMENT(.igot))
 *(SORT_BY_ALIGNMENT(.irq_info*))
 *(SORT_BY_ALIGNMENT(.intList*))
 *(SORT_BY_ALIGNMENT(.note.GNU-stack))
                0x00000000                __rom_region_start = 0x0

rom_start       0x00000000      0x100
                0x00000000                . = 0x0
                0x00000000                . = ALIGN (0x4)
                0x00000000                . = ALIGN (0x80)
                0x00000000                . = ALIGN (0x100)
                0x00000000                _vector_start = .
 *(SORT_BY_ALIGNMENT(.exc_vector_table))
 *(SORT_BY_ALIGNMENT(.exc_vector_table.*))
 .exc_vector_table._vector_table_section
                0x00000000       0x40 zephyr/arch/arch/arm/core/aarch32/cortex_m/libarch__arm__core__aarch32__cortex_m.a(vector_table.S.obj)
                0x00000000                _vector_table
 *(SORT_BY_ALIGNMENT(.gnu.linkonce.irq_vector_table*))
 .gnu.linkonce.irq_vector_table
                0x00000040       0xc0 zephyr/CMakeFiles/zephyr_final.dir/isr_tables.c.obj
                0x00000040                _irq_vector_table
 *(SORT_BY_ALIGNMENT(.vectors))
                0x00000100                _vector_end = .

text            0x00000100     0x9624
                0x00000100                __text_region_start = .
 *(SORT_BY_ALIGNMENT(.text))
 .text          0x00000100      0x168 c:/users/utilizador/ncs/v1.9.1/toolchain/opt/bin/../lib/gcc/arm-none-eabi/9.2.1/thumb/v7e-m/nofp\libgcc.a(_arm_mulsf3.o)
                0x00000100                __aeabi_fmul
                0x00000100                __mulsf3
 .text          0x00000268      0x378 c:/users/utilizador/ncs/v1.9.1/toolchain/opt/bin/../lib/gcc/arm-none-eabi/9.2.1/thumb/v7e-m/nofp\libgcc.a(_arm_addsubdf3.o)
                0x00000268                __aeabi_drsub
                0x00000270                __aeabi_dsub
                0x00000270                __subdf3
                0x00000274                __aeabi_dadd
                0x00000274                __adddf3
                0x000004ec                __floatunsidf
                0x000004ec                __aeabi_ui2d
                0x0000050c                __floatsidf
                0x0000050c                __aeabi_i2d
                0x00000530                __aeabi_f2d
                0x00000530                __extendsfdf2
                0x00000574                __floatundidf
                0x00000574                __aeabi_ul2d
                0x00000584                __floatdidf
                0x00000584                __aeabi_l2d
 .text          0x000005e0      0x424 c:/users/utilizador/ncs/v1.9.1/toolchain/opt/bin/../lib/gcc/arm-none-eabi/9.2.1/thumb/v7e-m/nofp\libgcc.a(_arm_muldivdf3.o)
                0x000005e0                __aeabi_dmul
                0x000005e0                __muldf3
                0x00000834                __divdf3
                0x00000834                __aeabi_ddiv
 .text          0x00000a04      0x110 c:/users/utilizador/ncs/v1.9.1/toolchain/opt/bin/../lib/gcc/arm-none-eabi/9.2.1/thumb/v7e-m/nofp\libgcc.a(_arm_cmpdf2.o)
                0x00000a04                __gtdf2
                0x00000a04                __gedf2
                0x00000a0c                __ltdf2
                0x00000a0c                __ledf2
                0x00000a14                __nedf2
                0x00000a14                __eqdf2
                0x00000a14                __cmpdf2
                0x00000a90                __aeabi_cdrcmple
                0x00000aa0                __aeabi_cdcmpeq
                0x00000aa0                __aeabi_cdcmple
                0x00000ab0                __aeabi_dcmpeq
                0x00000ac4                __aeabi_dcmplt
                0x00000ad8                __aeabi_dcmple
                0x00000aec                __aeabi_dcmpge
                0x00000b00                __aeabi_dcmpgt
 .text          0x00000b14      0x21c c:/users/utilizador/ncs/v1.9.1/toolchain/opt/bin/../lib/gcc/arm-none-eabi/9.2.1/thumb/v7e-m/nofp\libgcc.a(_arm_addsubsf3.o)
                0x00000b14                __aeabi_frsub
                0x00000b1c                __subsf3
                0x00000b1c                __aeabi_fsub
                0x00000b20                __aeabi_fadd
                0x00000b20                __addsf3
                0x00000c80                __aeabi_ui2f
                0x00000c80                __floatunsisf
                0x00000c88                __aeabi_i2f
                0x00000c88                __floatsisf
                0x00000ca4                __aeabi_ul2f
                0x00000ca4                __floatundisf
                0x00000cb4                __aeabi_l2f
                0x00000cb4                __floatdisf
 .text          0x00000d30       0x40 c:/users/utilizador/ncs/v1.9.1/toolchain/opt/bin/../lib/gcc/arm-none-eabi/9.2.1/thumb/v7e-m/nofp\libgcc.a(_arm_fixunssfsi.o)
                0x00000d30                __fixunssfsi
                0x00000d30                __aeabi_f2uiz
 .text          0x00000d70       0x30 c:/users/utilizador/ncs/v1.9.1/toolchain/opt/bin/../lib/gcc/arm-none-eabi/9.2.1/thumb/v7e-m/nofp\libgcc.a(_aeabi_uldivmod.o)
                0x00000d70                __aeabi_uldivmod
 .text          0x00000da0      0x2c0 c:/users/utilizador/ncs/v1.9.1/toolchain/opt/bin/../lib/gcc/arm-none-eabi/9.2.1/thumb/v7e-m/nofp\libgcc.a(_udivmoddi4.o)
                0x00000da0                __udivmoddi4
 .text          0x00001060        0x4 c:/users/utilizador/ncs/v1.9.1/toolchain/opt/bin/../lib/gcc/arm-none-eabi/9.2.1/thumb/v7e-m/nofp\libgcc.a(_dvmd_tls.o)
                0x00001060                __aeabi_idiv0
                0x00001060                __aeabi_ldiv0
 *(SORT_BY_ALIGNMENT(.text.*))
 *fill*         0x00001064        0x4 
 .text.thread_B_code
                0x00001068      0x12c app/libapp.a(main.c.obj)
                0x00001068                thread_B_code
 .text.thread_A_code
                0x00001194      0x198 app/libapp.a(main.c.obj)
                0x00001194                thread_A_code
 .text.thread_C_code
                0x0000132c      0x14c app/libapp.a(main.c.obj)
                0x0000132c                thread_C_code
 .text.main     0x00001478      0x10c app/libapp.a(main.c.obj)
                0x00001478                main
 .text.cbvprintf
                0x00001584      0x780 zephyr/libzephyr.a(cbprintf_complete.c.obj)
                0x00001584                cbvprintf
 .text.sys_notify_finalize
                0x00001d04       0x60 zephyr/libzephyr.a(notify.c.obj)
                0x00001d04                sys_notify_finalize
 .text.nrf_cc3xx_platform_abort_init
                0x00001d64        0xc zephyr/libzephyr.a(nrf_cc3xx_platform_abort_zephyr.c.obj)
                0x00001d64                nrf_cc3xx_platform_abort_init
 .text.mutex_unlock_platform
                0x00001d70       0x4c zephyr/libzephyr.a(nrf_cc3xx_platform_mutex_zephyr.c.obj)
 .text.mutex_free_platform
                0x00001dbc       0x48 zephyr/libzephyr.a(nrf_cc3xx_platform_mutex_zephyr.c.obj)
 .text.mutex_init_platform
                0x00001e04       0x70 zephyr/libzephyr.a(nrf_cc3xx_platform_mutex_zephyr.c.obj)
 .text.mutex_lock_platform
                0x00001e74       0x58 zephyr/libzephyr.a(nrf_cc3xx_platform_mutex_zephyr.c.obj)
 .text.nrf_cc3xx_platform_mutex_init
                0x00001ecc       0x2c zephyr/libzephyr.a(nrf_cc3xx_platform_mutex_zephyr.c.obj)
                0x00001ecc                nrf_cc3xx_platform_mutex_init
 .text.process_event
                0x00001ef8      0x3f4 zephyr/libzephyr.a(onoff.c.obj)
 .text.transition_complete
                0x000022ec       0x64 zephyr/libzephyr.a(onoff.c.obj)
 .text.onoff_request
                0x00002350      0x130 zephyr/libzephyr.a(onoff.c.obj)
                0x00002350                onoff_request
 .text.pm_state_notify
                0x00002480       0xcc zephyr/libzephyr.a(pm.c.obj)
 .text.atomic_test_and_set_bit.constprop.0
                0x0000254c       0x38 zephyr/libzephyr.a(pm.c.obj)
 .text.pm_system_resume
                0x00002584       0x88 zephyr/libzephyr.a(pm.c.obj)
                0x00002584                pm_system_resume
 .text.pm_system_suspend
                0x0000260c      0x100 zephyr/libzephyr.a(pm.c.obj)
                0x0000260c                pm_system_suspend
 .text.char_out
                0x0000270c       0x10 zephyr/libzephyr.a(printk.c.obj)
 .text.__printk_hook_install
                0x0000271c        0xc zephyr/libzephyr.a(printk.c.obj)
                0x0000271c                __printk_hook_install
 .text.vprintk  0x00002728       0x1c zephyr/libzephyr.a(printk.c.obj)
                0x00002728                vprintk
 .text.sys_reboot
                0x00002744       0x28 zephyr/libzephyr.a(reboot.c.obj)
                0x00002744                sys_reboot
 .text.z_arm_cpu_idle_init
                0x0000276c        0xc zephyr/arch/arch/arm/core/aarch32/libarch__arm__core__aarch32.a(cpu_idle.S.obj)
                0x0000276c                z_arm_cpu_idle_init
 .text.arch_cpu_idle
                0x00002778       0x1c zephyr/arch/arch/arm/core/aarch32/libarch__arm__core__aarch32.a(cpu_idle.S.obj)
                0x00002778                arch_cpu_idle
 .text.arch_cpu_atomic_idle
                0x00002794       0x14 zephyr/arch/arch/arm/core/aarch32/libarch__arm__core__aarch32.a(cpu_idle.S.obj)
                0x00002794                arch_cpu_atomic_idle
 .text._isr_wrapper
                0x000027a8       0x40 zephyr/arch/arch/arm/core/aarch32/libarch__arm__core__aarch32.a(isr_wrapper.S.obj)
                0x000027a8                _isr_wrapper
 .text.z_SysNmiOnReset
                0x000027e8        0x8 zephyr/arch/arch/arm/core/aarch32/libarch__arm__core__aarch32.a(nmi_on_reset.S.obj)
                0x000027e8                z_SysNmiOnReset
 .text.z_arm_pendsv
                0x000027f0       0x54 zephyr/arch/arch/arm/core/aarch32/libarch__arm__core__aarch32.a(swap_helper.S.obj)
                0x000027f0                z_arm_pendsv
 .text.z_arm_svc
                0x00002844       0x20 zephyr/arch/arch/arm/core/aarch32/libarch__arm__core__aarch32.a(swap_helper.S.obj)
                0x00002844                z_arm_svc
 .text.arch_irq_enable
                0x00002864       0x20 zephyr/arch/arch/arm/core/aarch32/libarch__arm__core__aarch32.a(irq_manage.c.obj)
                0x00002864                arch_irq_enable
 .text.arch_irq_is_enabled
                0x00002884       0x1c zephyr/arch/arch/arm/core/aarch32/libarch__arm__core__aarch32.a(irq_manage.c.obj)
                0x00002884                arch_irq_is_enabled
 .text.z_arm_irq_priority_set
                0x000028a0       0x68 zephyr/arch/arch/arm/core/aarch32/libarch__arm__core__aarch32.a(irq_manage.c.obj)
                0x000028a0                z_arm_irq_priority_set
 .text.z_arm_prep_c
                0x00002908       0x38 zephyr/arch/arch/arm/core/aarch32/libarch__arm__core__aarch32.a(prep_c.c.obj)
                0x00002908                z_arm_prep_c
 .text.arch_swap
                0x00002940       0x34 zephyr/arch/arch/arm/core/aarch32/libarch__arm__core__aarch32.a(swap.c.obj)
                0x00002940                arch_swap
 .text.arch_new_thread
                0x00002974       0x38 zephyr/arch/arch/arm/core/aarch32/libarch__arm__core__aarch32.a(thread.c.obj)
                0x00002974                arch_new_thread
 .text.z_check_thread_stack_fail
                0x000029ac       0x34 zephyr/arch/arch/arm/core/aarch32/libarch__arm__core__aarch32.a(thread.c.obj)
                0x000029ac                z_check_thread_stack_fail
 .text.arch_switch_to_main_thread
                0x000029e0       0x2c zephyr/arch/arch/arm/core/aarch32/libarch__arm__core__aarch32.a(thread.c.obj)
                0x000029e0                arch_switch_to_main_thread
 .text._HandlerModeExit
                0x00002a0c       0x1c zephyr/arch/arch/arm/core/aarch32/cortex_m/libarch__arm__core__aarch32__cortex_m.a(exc_exit.S.obj)
                0x00002a0c                z_arm_int_exit
                0x00002a0c                z_arm_exc_exit
 .text.__fault  0x00002a28       0x14 zephyr/arch/arch/arm/core/aarch32/cortex_m/libarch__arm__core__aarch32__cortex_m.a(fault_s.S.obj)
                0x00002a28                z_arm_usage_fault
                0x00002a28                z_arm_mpu_fault
                0x00002a28                z_arm_exc_spurious
                0x00002a28                z_arm_debug_monitor
                0x00002a28                z_arm_hard_fault
                0x00002a28                z_arm_bus_fault
 .text._reset_section
                0x00002a3c       0x54 zephyr/arch/arch/arm/core/aarch32/cortex_m/libarch__arm__core__aarch32__cortex_m.a(reset.S.obj)
                0x00002a3c                __start
                0x00002a3c                z_arm_reset
 .text.mem_manage_fault
                0x00002a90       0xa4 zephyr/arch/arch/arm/core/aarch32/cortex_m/libarch__arm__core__aarch32__cortex_m.a(fault.c.obj)
 .text.bus_fault.isra.0
                0x00002b34       0x3c zephyr/arch/arch/arm/core/aarch32/cortex_m/libarch__arm__core__aarch32__cortex_m.a(fault.c.obj)
 .text.usage_fault.isra.0
                0x00002b70       0x24 zephyr/arch/arch/arm/core/aarch32/cortex_m/libarch__arm__core__aarch32__cortex_m.a(fault.c.obj)
 .text.z_arm_fault
                0x00002b94      0x17c zephyr/arch/arch/arm/core/aarch32/cortex_m/libarch__arm__core__aarch32__cortex_m.a(fault.c.obj)
                0x00002b94                z_arm_fault
 .text.z_arm_fault_init
                0x00002d10       0x10 zephyr/arch/arch/arm/core/aarch32/cortex_m/libarch__arm__core__aarch32__cortex_m.a(fault.c.obj)
                0x00002d10                z_arm_fault_init
 .text.z_arm_interrupt_init
                0x00002d20       0x18 zephyr/arch/arch/arm/core/aarch32/cortex_m/libarch__arm__core__aarch32__cortex_m.a(irq_init.c.obj)
                0x00002d20                z_arm_interrupt_init
 .text.z_arm_clear_arm_mpu_config
                0x00002d38       0x20 zephyr/arch/arch/arm/core/aarch32/cortex_m/libarch__arm__core__aarch32__cortex_m.a(scb.c.obj)
                0x00002d38                z_arm_clear_arm_mpu_config
 .text.z_arm_init_arch_hw_at_boot
                0x00002d58       0x64 zephyr/arch/arch/arm/core/aarch32/cortex_m/libarch__arm__core__aarch32__cortex_m.a(scb.c.obj)
                0x00002d58                z_arm_init_arch_hw_at_boot
 .text.z_impl_k_thread_abort
                0x00002dbc       0x24 zephyr/arch/arch/arm/core/aarch32/cortex_m/libarch__arm__core__aarch32__cortex_m.a(thread_abort.c.obj)
                0x00002dbc                z_impl_k_thread_abort
 .text.z_arm_configure_static_mpu_regions
                0x00002de0       0x18 zephyr/arch/arch/arm/core/aarch32/mpu/libarch__arm__core__aarch32__mpu.a(arm_core_mpu.c.obj)
                0x00002de0                z_arm_configure_static_mpu_regions
 .text.z_arm_configure_dynamic_mpu_regions
                0x00002df8       0x20 zephyr/arch/arch/arm/core/aarch32/mpu/libarch__arm__core__aarch32__mpu.a(arm_core_mpu.c.obj)
                0x00002df8                z_arm_configure_dynamic_mpu_regions
 .text.mpu_configure_regions
                0x00002e18       0x80 zephyr/arch/arch/arm/core/aarch32/mpu/libarch__arm__core__aarch32__mpu.a(arm_mpu.c.obj)
 .text.arm_core_mpu_enable
                0x00002e98       0x14 zephyr/arch/arch/arm/core/aarch32/mpu/libarch__arm__core__aarch32__mpu.a(arm_mpu.c.obj)
                0x00002e98                arm_core_mpu_enable
 .text.arm_core_mpu_disable
                0x00002eac       0x10 zephyr/arch/arch/arm/core/aarch32/mpu/libarch__arm__core__aarch32__mpu.a(arm_mpu.c.obj)
                0x00002eac                arm_core_mpu_disable
 .text.arm_core_mpu_configure_static_mpu_regions
                0x00002ebc       0x50 zephyr/arch/arch/arm/core/aarch32/mpu/libarch__arm__core__aarch32__mpu.a(arm_mpu.c.obj)
                0x00002ebc                arm_core_mpu_configure_static_mpu_regions
 .text.arm_core_mpu_configure_dynamic_mpu_regions
                0x00002f0c       0x64 zephyr/arch/arch/arm/core/aarch32/mpu/libarch__arm__core__aarch32__mpu.a(arm_mpu.c.obj)
                0x00002f0c                arm_core_mpu_configure_dynamic_mpu_regions
 .text.z_arm_mpu_init
                0x00002f70       0xbc zephyr/arch/arch/arm/core/aarch32/mpu/libarch__arm__core__aarch32__mpu.a(arm_mpu.c.obj)
                0x00002f70                z_arm_mpu_init
 .text.printf   0x0000302c       0x24 zephyr/lib/libc/minimal/liblib__libc__minimal.a(fprintf.c.obj)
                0x0000302c                printf
 .text.__stdout_hook_install
                0x00003050        0xc zephyr/lib/libc/minimal/liblib__libc__minimal.a(stdout_console.c.obj)
                0x00003050                __stdout_hook_install
 .text.z_impl_zephyr_fputc
                0x0000305c       0x18 zephyr/lib/libc/minimal/liblib__libc__minimal.a(stdout_console.c.obj)
                0x0000305c                z_impl_zephyr_fputc
 .text.nordicsemi_nrf52_init
                0x00003074       0x64 zephyr/soc/arm/nordic_nrf/nrf52/libsoc__arm__nordic_nrf__nrf52.a(soc.c.obj)
 .text.sys_arch_reboot
                0x000030d8       0x2c zephyr/soc/arm/nordic_nrf/nrf52/libsoc__arm__nordic_nrf__nrf52.a(soc.c.obj)
                0x000030d8                sys_arch_reboot
 .text.arch_busy_wait
                0x00003104       0x14 zephyr/soc/arm/nordic_nrf/nrf52/libsoc__arm__nordic_nrf__nrf52.a(soc.c.obj)
                0x00003104                arch_busy_wait
 .text.adc_context_start_sampling.isra.0
                0x00003118       0x20 zephyr/drivers/adc/libdrivers__adc.a(adc_nrfx_saadc.c.obj)
 .text.adc_nrfx_channel_setup
                0x00003138       0xd4 zephyr/drivers/adc/libdrivers__adc.a(adc_nrfx_saadc.c.obj)
 .text.start_read.isra.0
                0x0000320c      0x188 zephyr/drivers/adc/libdrivers__adc.a(adc_nrfx_saadc.c.obj)
 .text.adc_nrfx_read_async
                0x00003394       0x44 zephyr/drivers/adc/libdrivers__adc.a(adc_nrfx_saadc.c.obj)
 .text.init_saadc
                0x000033d8       0x48 zephyr/drivers/adc/libdrivers__adc.a(adc_nrfx_saadc.c.obj)
 .text.saadc_irq_handler
                0x00003420       0xf4 zephyr/drivers/adc/libdrivers__adc.a(adc_nrfx_saadc.c.obj)
 .text.adc_nrfx_read
                0x00003514       0x40 zephyr/drivers/adc/libdrivers__adc.a(adc_nrfx_saadc.c.obj)
 .text.onoff_start
                0x00003554       0x54 zephyr/drivers/clock_control/libdrivers__clock_control.a(clock_control_nrf.c.obj)
 .text.get_status
                0x000035a8       0x3c zephyr/drivers/clock_control/libdrivers__clock_control.a(clock_control_nrf.c.obj)
 .text.stop     0x000035e4       0x7c zephyr/drivers/clock_control/libdrivers__clock_control.a(clock_control_nrf.c.obj)
 .text.onoff_stop
                0x00003660       0x28 zephyr/drivers/clock_control/libdrivers__clock_control.a(clock_control_nrf.c.obj)
 .text.clk_init
                0x00003688       0x60 zephyr/drivers/clock_control/libdrivers__clock_control.a(clock_control_nrf.c.obj)
 .text.clkstarted_handle.constprop.0
                0x000036e8       0x34 zephyr/drivers/clock_control/libdrivers__clock_control.a(clock_control_nrf.c.obj)
 .text.clock_event_handler
                0x0000371c       0x60 zephyr/drivers/clock_control/libdrivers__clock_control.a(clock_control_nrf.c.obj)
 .text.generic_hfclk_start
                0x0000377c       0x64 zephyr/drivers/clock_control/libdrivers__clock_control.a(clock_control_nrf.c.obj)
 .text.generic_hfclk_stop
                0x000037e0       0x2c zephyr/drivers/clock_control/libdrivers__clock_control.a(clock_control_nrf.c.obj)
 .text.api_blocking_start
                0x0000380c       0x3c zephyr/drivers/clock_control/libdrivers__clock_control.a(clock_control_nrf.c.obj)
 .text.z_nrf_clock_control_lf_on
                0x00003848      0x158 zephyr/drivers/clock_control/libdrivers__clock_control.a(clock_control_nrf.c.obj)
                0x00003848                z_nrf_clock_control_lf_on
 .text.uart_console_init
                0x000039a0       0x30 zephyr/drivers/console/libdrivers__console.a(uart_console.c.obj)
 .text.console_out
                0x000039d0       0x28 zephyr/drivers/console/libdrivers__console.a(uart_console.c.obj)
 .text.gpio_nrfx_manage_callback
                0x000039f8       0xac zephyr/drivers/gpio/libdrivers__gpio.a(gpio_nrfx.c.obj)
 .text.nrfx_gpio_handler
                0x00003aa4       0x98 zephyr/drivers/gpio/libdrivers__gpio.a(gpio_nrfx.c.obj)
 .text.gpio_nrfx_pin_interrupt_configure
                0x00003b3c      0x130 zephyr/drivers/gpio/libdrivers__gpio.a(gpio_nrfx.c.obj)
 .text.gpio_nrfx_init
                0x00003c6c       0x38 zephyr/drivers/gpio/libdrivers__gpio.a(gpio_nrfx.c.obj)
 .text.gpio_nrfx_pin_configure
                0x00003ca4      0x15c zephyr/drivers/gpio/libdrivers__gpio.a(gpio_nrfx.c.obj)
 .text.pwm_nrfx_get_cycles_per_sec
                0x00003e00       0x10 zephyr/drivers/pwm/libdrivers__pwm.a(pwm_nrfx.c.obj)
 .text.pwm_nrfx_init
                0x00003e10       0x44 zephyr/drivers/pwm/libdrivers__pwm.a(pwm_nrfx.c.obj)
 .text.nrf_gpio_pin_port_decode
                0x00003e54       0x84 zephyr/drivers/pwm/libdrivers__pwm.a(pwm_nrfx.c.obj)
 .text.uarte_nrfx_configure
                0x00003ed8      0x164 zephyr/drivers/serial/libdrivers__serial.a(uart_nrfx_uarte.c.obj)
 .text.nrf_gpio_pin_port_decode
                0x0000403c       0x84 zephyr/drivers/serial/libdrivers__serial.a(uart_nrfx_uarte.c.obj)
 .text.uarte_nrfx_poll_out
                0x000040c0       0xc4 zephyr/drivers/serial/libdrivers__serial.a(uart_nrfx_uarte.c.obj)
 .text.uarte_instance_init.isra.0
                0x00004184      0x198 zephyr/drivers/serial/libdrivers__serial.a(uart_nrfx_uarte.c.obj)
 .text.sys_clock_timeout_handler
                0x0000431c       0x78 zephyr/drivers/timer/libdrivers__timer.a(nrf_rtc_timer.c.obj)
 .text.compare_int_lock
                0x00004394       0x50 zephyr/drivers/timer/libdrivers__timer.a(nrf_rtc_timer.c.obj)
 .text.compare_int_unlock.part.0
                0x000043e4       0x5c zephyr/drivers/timer/libdrivers__timer.a(nrf_rtc_timer.c.obj)
 .text.z_nrf_rtc_timer_read
                0x00004440       0x44 zephyr/drivers/timer/libdrivers__timer.a(nrf_rtc_timer.c.obj)
                0x00004440                z_nrf_rtc_timer_read
 .text.compare_set
                0x00004484      0x154 zephyr/drivers/timer/libdrivers__timer.a(nrf_rtc_timer.c.obj)
 .text.sys_clock_driver_init
                0x000045d8       0x84 zephyr/drivers/timer/libdrivers__timer.a(nrf_rtc_timer.c.obj)
 .text.rtc_nrf_isr
                0x0000465c       0xf0 zephyr/drivers/timer/libdrivers__timer.a(nrf_rtc_timer.c.obj)
                0x0000465c                rtc_nrf_isr
 .text.sys_clock_set_timeout
                0x0000474c       0x60 zephyr/drivers/timer/libdrivers__timer.a(nrf_rtc_timer.c.obj)
                0x0000474c                sys_clock_set_timeout
 .text.sys_clock_elapsed
                0x000047ac       0x14 zephyr/drivers/timer/libdrivers__timer.a(nrf_rtc_timer.c.obj)
                0x000047ac                sys_clock_elapsed
 .text.nrf_clock_is_running.constprop.0
                0x000047c0       0x68 modules/hal_nordic/nrfx/libmodules__hal_nordic__nrfx.a(nrfx_clock.c.obj)
 .text.nrfx_clock_init
                0x00004828       0x48 modules/hal_nordic/nrfx/libmodules__hal_nordic__nrfx.a(nrfx_clock.c.obj)
                0x00004828                nrfx_clock_init
 .text.nrfx_clock_enable
                0x00004870       0x40 modules/hal_nordic/nrfx/libmodules__hal_nordic__nrfx.a(nrfx_clock.c.obj)
                0x00004870                nrfx_clock_enable
 .text.nrfx_clock_start
                0x000048b0       0xa8 modules/hal_nordic/nrfx/libmodules__hal_nordic__nrfx.a(nrfx_clock.c.obj)
                0x000048b0                nrfx_clock_start
 .text.nrfx_clock_stop
                0x00004958       0xdc modules/hal_nordic/nrfx/libmodules__hal_nordic__nrfx.a(nrfx_clock.c.obj)
                0x00004958                nrfx_clock_stop
 .text.nrfx_power_clock_irq_handler
                0x00004a34       0x68 modules/hal_nordic/nrfx/libmodules__hal_nordic__nrfx.a(nrfx_clock.c.obj)
                0x00004a34                nrfx_power_clock_irq_handler
 .text.nrfx_flag32_alloc
                0x00004a9c       0x48 modules/hal_nordic/nrfx/libmodules__hal_nordic__nrfx.a(nrfx_flag32_allocator.c.obj)
                0x00004a9c                nrfx_flag32_alloc
 .text.nrfx_flag32_free
                0x00004ae4       0x44 modules/hal_nordic/nrfx/libmodules__hal_nordic__nrfx.a(nrfx_flag32_allocator.c.obj)
                0x00004ae4                nrfx_flag32_free
 .text.pin_is_task_output
                0x00004b28       0x1c modules/hal_nordic/nrfx/libmodules__hal_nordic__nrfx.a(nrfx_gpiote.c.obj)
 .text.call_handler
                0x00004b44       0x3c modules/hal_nordic/nrfx/libmodules__hal_nordic__nrfx.a(nrfx_gpiote.c.obj)
 .text.release_handler
                0x00004b80       0x80 modules/hal_nordic/nrfx/libmodules__hal_nordic__nrfx.a(nrfx_gpiote.c.obj)
 .text.pin_handler_trigger_uninit
                0x00004c00       0x34 modules/hal_nordic/nrfx/libmodules__hal_nordic__nrfx.a(nrfx_gpiote.c.obj)
 .text.nrf_gpio_pin_port_decode
                0x00004c34       0x6c modules/hal_nordic/nrfx/libmodules__hal_nordic__nrfx.a(nrfx_gpiote.c.obj)
 .text.nrfx_gpiote_input_configure
                0x00004ca0      0x150 modules/hal_nordic/nrfx/libmodules__hal_nordic__nrfx.a(nrfx_gpiote.c.obj)
                0x00004ca0                nrfx_gpiote_input_configure
 .text.nrfx_gpiote_output_configure
                0x00004df0       0xe0 modules/hal_nordic/nrfx/libmodules__hal_nordic__nrfx.a(nrfx_gpiote.c.obj)
                0x00004df0                nrfx_gpiote_output_configure
 .text.nrfx_gpiote_global_callback_set
                0x00004ed0        0xc modules/hal_nordic/nrfx/libmodules__hal_nordic__nrfx.a(nrfx_gpiote.c.obj)
                0x00004ed0                nrfx_gpiote_global_callback_set
 .text.nrfx_gpiote_channel_get
                0x00004edc       0x50 modules/hal_nordic/nrfx/libmodules__hal_nordic__nrfx.a(nrfx_gpiote.c.obj)
                0x00004edc                nrfx_gpiote_channel_get
 .text.nrfx_gpiote_init
                0x00004f2c       0x50 modules/hal_nordic/nrfx/libmodules__hal_nordic__nrfx.a(nrfx_gpiote.c.obj)
                0x00004f2c                nrfx_gpiote_init
 .text.nrfx_gpiote_is_init
                0x00004f7c       0x14 modules/hal_nordic/nrfx/libmodules__hal_nordic__nrfx.a(nrfx_gpiote.c.obj)
                0x00004f7c                nrfx_gpiote_is_init
 .text.nrfx_gpiote_channel_free
                0x00004f90        0xc modules/hal_nordic/nrfx/libmodules__hal_nordic__nrfx.a(nrfx_gpiote.c.obj)
                0x00004f90                nrfx_gpiote_channel_free
 .text.nrfx_gpiote_channel_alloc
                0x00004f9c        0xc modules/hal_nordic/nrfx/libmodules__hal_nordic__nrfx.a(nrfx_gpiote.c.obj)
                0x00004f9c                nrfx_gpiote_channel_alloc
 .text.nrfx_gpiote_trigger_enable
                0x00004fa8       0xe0 modules/hal_nordic/nrfx/libmodules__hal_nordic__nrfx.a(nrfx_gpiote.c.obj)
                0x00004fa8                nrfx_gpiote_trigger_enable
 .text.nrfx_gpiote_trigger_disable
                0x00005088       0x44 modules/hal_nordic/nrfx/libmodules__hal_nordic__nrfx.a(nrfx_gpiote.c.obj)
                0x00005088                nrfx_gpiote_trigger_disable
 .text.nrfx_gpiote_pin_uninit
                0x000050cc       0x48 modules/hal_nordic/nrfx/libmodules__hal_nordic__nrfx.a(nrfx_gpiote.c.obj)
                0x000050cc                nrfx_gpiote_pin_uninit
 .text.nrfx_gpiote_irq_handler
                0x00005114      0x1b4 modules/hal_nordic/nrfx/libmodules__hal_nordic__nrfx.a(nrfx_gpiote.c.obj)
                0x00005114                nrfx_gpiote_irq_handler
 .text.nrfx_ppi_channel_alloc
                0x000052c8        0xc modules/hal_nordic/nrfx/libmodules__hal_nordic__nrfx.a(nrfx_ppi.c.obj)
                0x000052c8                nrfx_ppi_channel_alloc
 .text.nrf_pwm_sequence_set
                0x000052d4       0xf8 modules/hal_nordic/nrfx/libmodules__hal_nordic__nrfx.a(nrfx_pwm.c.obj)
 .text.nrf_gpio_pin_port_decode
                0x000053cc       0x84 modules/hal_nordic/nrfx/libmodules__hal_nordic__nrfx.a(nrfx_pwm.c.obj)
 .text.nrfx_pwm_init
                0x00005450      0x198 modules/hal_nordic/nrfx/libmodules__hal_nordic__nrfx.a(nrfx_pwm.c.obj)
                0x00005450                nrfx_pwm_init
 .text.nrfx_pwm_simple_playback
                0x000055e8       0xe8 modules/hal_nordic/nrfx/libmodules__hal_nordic__nrfx.a(nrfx_pwm.c.obj)
                0x000055e8                nrfx_pwm_simple_playback
 .text.nrfx_pwm_is_stopped
                0x000056d0       0x5c modules/hal_nordic/nrfx/libmodules__hal_nordic__nrfx.a(nrfx_pwm.c.obj)
                0x000056d0                nrfx_pwm_is_stopped
 .text.nrfx_pwm_stop
                0x0000572c       0x64 modules/hal_nordic/nrfx/libmodules__hal_nordic__nrfx.a(nrfx_pwm.c.obj)
                0x0000572c                nrfx_pwm_stop
 .text.nrf52_errata_36
                0x00005790       0x14 modules/hal_nordic/nrfx/libmodules__hal_nordic__nrfx.a(system_nrf52840.c.obj)
 .text.nrf52_errata_98
                0x000057a4       0x28 modules/hal_nordic/nrfx/libmodules__hal_nordic__nrfx.a(system_nrf52840.c.obj)
 .text.nvmc_wait
                0x000057cc       0x10 modules/hal_nordic/nrfx/libmodules__hal_nordic__nrfx.a(system_nrf52840.c.obj)
                0x000057cc                nvmc_wait
 .text.SystemInit
                0x000057dc      0x1d0 modules/hal_nordic/nrfx/libmodules__hal_nordic__nrfx.a(system_nrf52840.c.obj)
                0x000057dc                SystemInit
 .text.z_sys_init_run_level
                0x000059ac       0x40 zephyr/kernel/libkernel.a(device.c.obj)
                0x000059ac                z_sys_init_run_level
 .text.z_impl_device_get_binding
                0x000059ec       0x58 zephyr/kernel/libkernel.a(device.c.obj)
                0x000059ec                z_impl_device_get_binding
 .text.z_fatal_error
                0x00005a44       0x64 zephyr/kernel/libkernel.a(fatal.c.obj)
                0x00005a44                z_fatal_error
 .text.idle     0x00005aa8       0x58 zephyr/kernel/libkernel.a(idle.c.obj)
                0x00005aa8                idle
 .text.init_idle_thread
                0x00005b00       0x58 zephyr/kernel/libkernel.a(init.c.obj)
 .text.bg_thread_main
                0x00005b58       0x34 zephyr/kernel/libkernel.a(init.c.obj)
 .text.z_bss_zero
                0x00005b8c       0x14 zephyr/kernel/libkernel.a(init.c.obj)
                0x00005b8c                z_bss_zero
 .text.z_cstart
                0x00005ba0       0xe4 zephyr/kernel/libkernel.a(init.c.obj)
                0x00005ba0                z_cstart
 .text.init_mem_slab_module
                0x00005c84       0x78 zephyr/kernel/libkernel.a(mem_slab.c.obj)
 .text.k_mem_slab_alloc
                0x00005cfc       0xd8 zephyr/kernel/libkernel.a(mem_slab.c.obj)
                0x00005cfc                k_mem_slab_alloc
 .text.k_mem_slab_free
                0x00005dd4       0xc8 zephyr/kernel/libkernel.a(mem_slab.c.obj)
                0x00005dd4                k_mem_slab_free
 .text.z_impl_k_mutex_lock
                0x00005e9c      0x200 zephyr/kernel/libkernel.a(mutex.c.obj)
                0x00005e9c                z_impl_k_mutex_lock
 .text.z_impl_k_mutex_unlock
                0x0000609c      0x190 zephyr/kernel/libkernel.a(mutex.c.obj)
                0x0000609c                z_impl_k_mutex_unlock
 .text.signal_poll_event
                0x0000622c       0xec zephyr/kernel/libkernel.a(poll.c.obj)
 .text.z_impl_k_poll_signal_raise
                0x00006318       0xb8 zephyr/kernel/libkernel.a(poll.c.obj)
                0x00006318                z_impl_k_poll_signal_raise
 .text.z_reset_time_slice
                0x000063d0       0x2c zephyr/kernel/libkernel.a(sched.c.obj)
                0x000063d0                z_reset_time_slice
 .text.k_sched_time_slice_set
                0x000063fc       0xcc zephyr/kernel/libkernel.a(sched.c.obj)
                0x000063fc                k_sched_time_slice_set
 .text.z_unpend_thread_no_timeout
                0x000064c8       0x90 zephyr/kernel/libkernel.a(sched.c.obj)
                0x000064c8                z_unpend_thread_no_timeout
 .text.z_reschedule
                0x00006558       0x88 zephyr/kernel/libkernel.a(sched.c.obj)
                0x00006558                z_reschedule
 .text.k_sched_lock
                0x000065e0       0xe8 zephyr/kernel/libkernel.a(sched.c.obj)
                0x000065e0                k_sched_lock
 .text.z_priq_dumb_remove
                0x000066c8       0x44 zephyr/kernel/libkernel.a(sched.c.obj)
                0x000066c8                z_priq_dumb_remove
 .text.unpend_thread_no_timeout
                0x0000670c       0x44 zephyr/kernel/libkernel.a(sched.c.obj)
 .text.z_unpend_thread
                0x00006750       0x98 zephyr/kernel/libkernel.a(sched.c.obj)
                0x00006750                z_unpend_thread
 .text.update_cache
                0x000067e8       0x70 zephyr/kernel/libkernel.a(sched.c.obj)
 .text.move_thread_to_end_of_prio_q
                0x00006858       0xac zephyr/kernel/libkernel.a(sched.c.obj)
 .text.z_time_slice
                0x00006904       0xf0 zephyr/kernel/libkernel.a(sched.c.obj)
                0x00006904                z_time_slice
 .text.ready_thread
                0x000069f4       0xa4 zephyr/kernel/libkernel.a(sched.c.obj)
 .text.z_ready_thread
                0x00006a98       0x90 zephyr/kernel/libkernel.a(sched.c.obj)
                0x00006a98                z_ready_thread
 .text.z_sched_start
                0x00006b28       0xa8 zephyr/kernel/libkernel.a(sched.c.obj)
                0x00006b28                z_sched_start
 .text.z_thread_timeout
                0x00006bd0       0xb4 zephyr/kernel/libkernel.a(sched.c.obj)
                0x00006bd0                z_thread_timeout
 .text.unready_thread
                0x00006c84       0x38 zephyr/kernel/libkernel.a(sched.c.obj)
 .text.add_to_waitq_locked
                0x00006cbc       0x84 zephyr/kernel/libkernel.a(sched.c.obj)
 .text.pend     0x00006d40       0xbc zephyr/kernel/libkernel.a(sched.c.obj)
 .text.z_pend_curr
                0x00006dfc       0x60 zephyr/kernel/libkernel.a(sched.c.obj)
                0x00006dfc                z_pend_curr
 .text.z_set_prio
                0x00006e5c      0x138 zephyr/kernel/libkernel.a(sched.c.obj)
                0x00006e5c                z_set_prio
 .text.z_impl_k_thread_suspend
                0x00006f94       0xd4 zephyr/kernel/libkernel.a(sched.c.obj)
                0x00006f94                z_impl_k_thread_suspend
 .text.k_sched_unlock
                0x00007068       0xf8 zephyr/kernel/libkernel.a(sched.c.obj)
                0x00007068                k_sched_unlock
 .text.z_unpend1_no_timeout
                0x00007160       0x98 zephyr/kernel/libkernel.a(sched.c.obj)
                0x00007160                z_unpend1_no_timeout
 .text.z_unpend_first_thread
                0x000071f8       0xa0 zephyr/kernel/libkernel.a(sched.c.obj)
                0x000071f8                z_unpend_first_thread
 .text.z_sched_init
                0x00007298       0x18 zephyr/kernel/libkernel.a(sched.c.obj)
                0x00007298                z_sched_init
 .text.z_impl_k_yield
                0x000072b0      0x148 zephyr/kernel/libkernel.a(sched.c.obj)
                0x000072b0                z_impl_k_yield
 .text.z_tick_sleep
                0x000073f8      0x15c zephyr/kernel/libkernel.a(sched.c.obj)
 .text.z_impl_k_sleep
                0x00007554       0x70 zephyr/kernel/libkernel.a(sched.c.obj)
                0x00007554                z_impl_k_sleep
 .text.z_impl_z_current_get
                0x000075c4        0xc zephyr/kernel/libkernel.a(sched.c.obj)
                0x000075c4                z_impl_z_current_get
 .text.z_impl_k_is_preempt_thread
                0x000075d0       0x20 zephyr/kernel/libkernel.a(sched.c.obj)
                0x000075d0                z_impl_k_is_preempt_thread
 .text.z_thread_abort
                0x000075f0      0x168 zephyr/kernel/libkernel.a(sched.c.obj)
                0x000075f0                z_thread_abort
 .text.z_sched_wake
                0x00007758       0xb0 zephyr/kernel/libkernel.a(sched.c.obj)
                0x00007758                z_sched_wake
 .text.z_sched_wait
                0x00007808       0x24 zephyr/kernel/libkernel.a(sched.c.obj)
                0x00007808                z_sched_wait
 .text.z_impl_k_sem_give
                0x0000782c       0x88 zephyr/kernel/libkernel.a(sem.c.obj)
                0x0000782c                z_impl_k_sem_give
 .text.z_impl_k_sem_take
                0x000078b4      0x114 zephyr/kernel/libkernel.a(sem.c.obj)
                0x000078b4                z_impl_k_sem_take
 .text.k_sys_work_q_init
                0x000079c8       0x34 zephyr/kernel/libkernel.a(system_work_q.c.obj)
 .text.z_setup_new_thread
                0x000079fc       0xc8 zephyr/kernel/libkernel.a(thread.c.obj)
                0x000079fc                z_setup_new_thread
 .text.z_impl_k_thread_create
                0x00007ac4       0x9c zephyr/kernel/libkernel.a(thread.c.obj)
                0x00007ac4                z_impl_k_thread_create
 .text.z_init_static_threads
                0x00007b60      0x120 zephyr/kernel/libkernel.a(thread.c.obj)
                0x00007b60                z_init_static_threads
 .text.z_spin_lock_valid
                0x00007c80       0x1c zephyr/kernel/libkernel.a(thread.c.obj)
                0x00007c80                z_spin_lock_valid
 .text.z_spin_unlock_valid
                0x00007c9c       0x20 zephyr/kernel/libkernel.a(thread.c.obj)
                0x00007c9c                z_spin_unlock_valid
 .text.z_spin_lock_set_owner
                0x00007cbc       0x10 zephyr/kernel/libkernel.a(thread.c.obj)
                0x00007cbc                z_spin_lock_set_owner
 .text.elapsed  0x00007ccc       0x14 zephyr/kernel/libkernel.a(timeout.c.obj)
 .text.next_timeout
                0x00007ce0       0x58 zephyr/kernel/libkernel.a(timeout.c.obj)
 .text.remove_timeout
                0x00007d38       0x34 zephyr/kernel/libkernel.a(timeout.c.obj)
 .text.z_add_timeout
                0x00007d6c      0x1a8 zephyr/kernel/libkernel.a(timeout.c.obj)
                0x00007d6c                z_add_timeout
 .text.z_abort_timeout
                0x00007f14       0x9c zephyr/kernel/libkernel.a(timeout.c.obj)
                0x00007f14                z_abort_timeout
 .text.z_get_next_timeout_expiry
                0x00007fb0       0x90 zephyr/kernel/libkernel.a(timeout.c.obj)
                0x00007fb0                z_get_next_timeout_expiry
 .text.z_set_timeout_expiry
                0x00008040       0xa0 zephyr/kernel/libkernel.a(timeout.c.obj)
                0x00008040                z_set_timeout_expiry
 .text.sys_clock_announce
                0x000080e0      0x198 zephyr/kernel/libkernel.a(timeout.c.obj)
                0x000080e0                sys_clock_announce
 .text.sys_clock_tick_get
                0x00008278       0xa0 zephyr/kernel/libkernel.a(timeout.c.obj)
                0x00008278                sys_clock_tick_get
 .text.z_timer_expiration_handler
                0x00008318      0x168 zephyr/kernel/libkernel.a(timer.c.obj)
                0x00008318                z_timer_expiration_handler
 .text.z_impl_k_timer_start
                0x00008480       0xc0 zephyr/kernel/libkernel.a(timer.c.obj)
                0x00008480                z_impl_k_timer_start
 .text.work_queue_main
                0x00008540      0x228 zephyr/kernel/libkernel.a(work.c.obj)
 .text.submit_to_queue_locked
                0x00008768       0xc8 zephyr/kernel/libkernel.a(work.c.obj)
 .text.k_work_submit_to_queue
                0x00008830       0xc8 zephyr/kernel/libkernel.a(work.c.obj)
                0x00008830                k_work_submit_to_queue
 .text.k_work_queue_start
                0x000088f8       0xe4 zephyr/kernel/libkernel.a(work.c.obj)
                0x000088f8                k_work_queue_start
 .text.z_data_copy
                0x000089dc       0x34 zephyr/kernel/libkernel.a(xip.c.obj)
                0x000089dc                z_data_copy
 .text.boot_banner
                0x00008a10       0x18 zephyr/kernel/libkernel.a(banner.c.obj)
                0x00008a10                boot_banner
 .text.nrf_cc3xx_platform_init_no_rng
                0x00008a28       0x38 C:/Users/Utilizador/ncs/v1.9.1/nrfxlib/crypto/nrf_cc310_platform/lib/cortex-m4/soft-float/no-interrupts/libnrf_cc310_platform_0.9.13.a(nrf_cc3xx_platform.c.obj)
                0x00008a28                nrf_cc3xx_platform_init_no_rng
 .text.nrf_cc3xx_platform_abort
                0x00008a60       0x24 C:/Users/Utilizador/ncs/v1.9.1/nrfxlib/crypto/nrf_cc310_platform/lib/cortex-m4/soft-float/no-interrupts/libnrf_cc310_platform_0.9.13.a(nrf_cc3xx_platform_abort.c.obj)
 .text.CC_PalAbort
                0x00008a84       0x40 C:/Users/Utilizador/ncs/v1.9.1/nrfxlib/crypto/nrf_cc310_platform/lib/cortex-m4/soft-float/no-interrupts/libnrf_cc310_platform_0.9.13.a(nrf_cc3xx_platform_abort.c.obj)
                0x00008a84                CC_PalAbort
 .text.nrf_cc3xx_platform_set_abort
                0x00008ac4       0x10 C:/Users/Utilizador/ncs/v1.9.1/nrfxlib/crypto/nrf_cc310_platform/lib/cortex-m4/soft-float/no-interrupts/libnrf_cc310_platform_0.9.13.a(nrf_cc3xx_platform_abort.c.obj)
                0x00008ac4                nrf_cc3xx_platform_set_abort
 .text.mutex_free
                0x00008ad4       0x28 C:/Users/Utilizador/ncs/v1.9.1/nrfxlib/crypto/nrf_cc310_platform/lib/cortex-m4/soft-float/no-interrupts/libnrf_cc310_platform_0.9.13.a(nrf_cc3xx_platform_mutex.c.obj)
 .text.mutex_unlock
                0x00008afc       0x2c C:/Users/Utilizador/ncs/v1.9.1/nrfxlib/crypto/nrf_cc310_platform/lib/cortex-m4/soft-float/no-interrupts/libnrf_cc310_platform_0.9.13.a(nrf_cc3xx_platform_mutex.c.obj)
 .text.mutex_init
                0x00008b28       0x1c C:/Users/Utilizador/ncs/v1.9.1/nrfxlib/crypto/nrf_cc310_platform/lib/cortex-m4/soft-float/no-interrupts/libnrf_cc310_platform_0.9.13.a(nrf_cc3xx_platform_mutex.c.obj)
 .text.mutex_lock
                0x00008b44       0x44 C:/Users/Utilizador/ncs/v1.9.1/nrfxlib/crypto/nrf_cc310_platform/lib/cortex-m4/soft-float/no-interrupts/libnrf_cc310_platform_0.9.13.a(nrf_cc3xx_platform_mutex.c.obj)
 .text.nrf_cc3xx_platform_set_mutexes
                0x00008b88       0x60 C:/Users/Utilizador/ncs/v1.9.1/nrfxlib/crypto/nrf_cc310_platform/lib/cortex-m4/soft-float/no-interrupts/libnrf_cc310_platform_0.9.13.a(nrf_cc3xx_platform_mutex.c.obj)
                0x00008b88                nrf_cc3xx_platform_set_mutexes
 .text.CC_LibInitNoRng
                0x00008be8       0x6c C:/Users/Utilizador/ncs/v1.9.1/nrfxlib/crypto/nrf_cc310_platform/lib/cortex-m4/soft-float/no-interrupts/libnrf_cc310_platform_0.9.13.a(cc_lib.c.obj)
                0x00008be8                CC_LibInitNoRng
 .text.CC_HalInit
                0x00008c54        0x4 C:/Users/Utilizador/ncs/v1.9.1/nrfxlib/crypto/nrf_cc310_platform/lib/cortex-m4/soft-float/no-interrupts/libnrf_cc310_platform_0.9.13.a(cc_hal.c.obj)
                0x00008c54                CC_HalInit
 .text.CC_HalTerminate
                0x00008c58        0x4 C:/Users/Utilizador/ncs/v1.9.1/nrfxlib/crypto/nrf_cc310_platform/lib/cortex-m4/soft-float/no-interrupts/libnrf_cc310_platform_0.9.13.a(cc_hal.c.obj)
                0x00008c58                CC_HalTerminate
 .text.CC_HalMaskInterrupt
                0x00008c5c        0xc C:/Users/Utilizador/ncs/v1.9.1/nrfxlib/crypto/nrf_cc310_platform/lib/cortex-m4/soft-float/no-interrupts/libnrf_cc310_platform_0.9.13.a(cc_hal.c.obj)
                0x00008c5c                CC_HalMaskInterrupt
 .text.CC_PalInit
                0x00008c68       0x5c C:/Users/Utilizador/ncs/v1.9.1/nrfxlib/crypto/nrf_cc310_platform/lib/cortex-m4/soft-float/no-interrupts/libnrf_cc310_platform_0.9.13.a(cc_pal.c.obj)
                0x00008c68                CC_PalInit
 .text.CC_PalTerminate
                0x00008cc4       0x34 C:/Users/Utilizador/ncs/v1.9.1/nrfxlib/crypto/nrf_cc310_platform/lib/cortex-m4/soft-float/no-interrupts/libnrf_cc310_platform_0.9.13.a(cc_pal.c.obj)
                0x00008cc4                CC_PalTerminate
 .text.CC_PalDmaInit
                0x00008cf8        0x4 C:/Users/Utilizador/ncs/v1.9.1/nrfxlib/crypto/nrf_cc310_platform/lib/cortex-m4/soft-float/no-interrupts/libnrf_cc310_platform_0.9.13.a(cc_pal_dma.c.obj)
                0x00008cf8                CC_PalDmaInit
 .text.CC_PalDmaTerminate
                0x00008cfc        0x4 C:/Users/Utilizador/ncs/v1.9.1/nrfxlib/crypto/nrf_cc310_platform/lib/cortex-m4/soft-float/no-interrupts/libnrf_cc310_platform_0.9.13.a(cc_pal_dma.c.obj)
                0x00008cfc                CC_PalDmaTerminate
 .text.CC_PalMutexCreate
                0x00008d00       0x14 C:/Users/Utilizador/ncs/v1.9.1/nrfxlib/crypto/nrf_cc310_platform/lib/cortex-m4/soft-float/no-interrupts/libnrf_cc310_platform_0.9.13.a(cc_pal_mutex.c.obj)
                0x00008d00                CC_PalMutexCreate
 .text.CC_PalMutexDestroy
                0x00008d14       0x14 C:/Users/Utilizador/ncs/v1.9.1/nrfxlib/crypto/nrf_cc310_platform/lib/cortex-m4/soft-float/no-interrupts/libnrf_cc310_platform_0.9.13.a(cc_pal_mutex.c.obj)
                0x00008d14                CC_PalMutexDestroy
 .text.CC_PalPowerSaveModeInit
                0x00008d28       0x3c C:/Users/Utilizador/ncs/v1.9.1/nrfxlib/crypto/nrf_cc310_platform/lib/cortex-m4/soft-float/no-interrupts/libnrf_cc310_platform_0.9.13.a(cc_pal_pm.c.obj)
                0x00008d28                CC_PalPowerSaveModeInit
 .text.CC_PalPowerSaveModeSelect
                0x00008d64       0x84 C:/Users/Utilizador/ncs/v1.9.1/nrfxlib/crypto/nrf_cc310_platform/lib/cortex-m4/soft-float/no-interrupts/libnrf_cc310_platform_0.9.13.a(cc_pal_pm.c.obj)
                0x00008d64                CC_PalPowerSaveModeSelect
 .text.assert_post_action
                0x00008de8        0xe zephyr/libzephyr.a(assert.c.obj)
                0x00008de8                assert_post_action
 .text.encode_uint
                0x00008df6       0x96 zephyr/libzephyr.a(cbprintf_complete.c.obj)
 .text.outs     0x00008e8c       0x2c zephyr/libzephyr.a(cbprintf_complete.c.obj)
 .text._ConfigAbsSyms
                0x00008eb8        0x2 zephyr/libzephyr.a(configs.c.obj)
                0x00008eb8                _ConfigAbsSyms
 .text.sys_notify_validate
                0x00008eba       0x28 zephyr/libzephyr.a(notify.c.obj)
                0x00008eba                sys_notify_validate
 .text.abort_function
                0x00008ee2        0x8 zephyr/libzephyr.a(nrf_cc3xx_platform_abort_zephyr.c.obj)
 .text.process_recheck
                0x00008eea       0x38 zephyr/libzephyr.a(onoff.c.obj)
 .text.notify_one
                0x00008f22       0x2c zephyr/libzephyr.a(onoff.c.obj)
 .text.validate_args
                0x00008f4e       0x1e zephyr/libzephyr.a(onoff.c.obj)
 .text.onoff_manager_init
                0x00008f6c       0x26 zephyr/libzephyr.a(onoff.c.obj)
                0x00008f6c                onoff_manager_init
 .text.arch_printk_char_out
                0x00008f92        0x4 zephyr/libzephyr.a(printk.c.obj)
                0x00008f92                arch_printk_char_out
 .text.printk   0x00008f96       0x1a zephyr/libzephyr.a(printk.c.obj)
                0x00008f96                printk
 .text.pm_policy_next_state
                0x00008fb0        0xa zephyr/libzephyr.a(residency.c.obj)
                0x00008fb0                pm_policy_next_state
 .text.z_thread_entry
                0x00008fba       0x14 zephyr/libzephyr.a(thread_entry.c.obj)
                0x00008fba                z_thread_entry
 .text.z_arm_fatal_error
                0x00008fce        0x4 zephyr/arch/arch/arm/core/aarch32/libarch__arm__core__aarch32.a(fatal.c.obj)
                0x00008fce                z_arm_fatal_error
 .text.z_do_kernel_oops
                0x00008fd2        0x8 zephyr/arch/arch/arm/core/aarch32/libarch__arm__core__aarch32.a(fatal.c.obj)
                0x00008fd2                z_do_kernel_oops
 .text.z_irq_spurious
                0x00008fda        0x8 zephyr/arch/arch/arm/core/aarch32/libarch__arm__core__aarch32.a(irq_manage.c.obj)
                0x00008fda                z_irq_spurious
 .text.z_arm_nmi
                0x00008fe2        0xe zephyr/arch/arch/arm/core/aarch32/libarch__arm__core__aarch32.a(nmi.c.obj)
                0x00008fe2                z_arm_nmi
 .text._stdout_hook_default
                0x00008ff0        0x6 zephyr/lib/libc/minimal/liblib__libc__minimal.a(stdout_console.c.obj)
 .text.fputc    0x00008ff6        0x4 zephyr/lib/libc/minimal/liblib__libc__minimal.a(stdout_console.c.obj)
                0x00008ff6                fputc
 .text.strlen   0x00008ffa        0xe zephyr/lib/libc/minimal/liblib__libc__minimal.a(string.c.obj)
                0x00008ffa                strlen
 .text.strnlen  0x00009008       0x12 zephyr/lib/libc/minimal/liblib__libc__minimal.a(string.c.obj)
                0x00009008                strnlen
 .text.strcmp   0x0000901a       0x18 zephyr/lib/libc/minimal/liblib__libc__minimal.a(string.c.obj)
                0x0000901a                strcmp
 .text.memcpy   0x00009032       0x16 zephyr/lib/libc/minimal/liblib__libc__minimal.a(string.c.obj)
                0x00009032                memcpy
 .text.memset   0x00009048       0x12 zephyr/lib/libc/minimal/liblib__libc__minimal.a(string.c.obj)
                0x00009048                memset
 .text.pm_power_state_set
                0x0000905a       0x26 zephyr/soc/arm/nordic_nrf/nrf52/libsoc__arm__nordic_nrf__nrf52.a(power.c.obj)
                0x0000905a                pm_power_state_set
 .text.pm_power_state_exit_post_ops
                0x00009080       0x16 zephyr/soc/arm/nordic_nrf/nrf52/libsoc__arm__nordic_nrf__nrf52.a(power.c.obj)
                0x00009080                pm_power_state_exit_post_ops
 .text.adc_context_on_timer_expired
                0x00009096       0x2e zephyr/drivers/adc/libdrivers__adc.a(adc_nrfx_saadc.c.obj)
 .text.set_starting_state
                0x000090c4       0x3c zephyr/drivers/clock_control/libdrivers__clock_control.a(clock_control_nrf.c.obj)
 .text.set_on_state
                0x00009100       0x26 zephyr/drivers/clock_control/libdrivers__clock_control.a(clock_control_nrf.c.obj)
 .text.onoff_started_callback
                0x00009126        0xc zephyr/drivers/clock_control/libdrivers__clock_control.a(clock_control_nrf.c.obj)
 .text.lfclk_start
                0x00009132        0x6 zephyr/drivers/clock_control/libdrivers__clock_control.a(clock_control_nrf.c.obj)
 .text.lfclk_stop
                0x00009138        0x6 zephyr/drivers/clock_control/libdrivers__clock_control.a(clock_control_nrf.c.obj)
 .text.api_stop
                0x0000913e        0x6 zephyr/drivers/clock_control/libdrivers__clock_control.a(clock_control_nrf.c.obj)
 .text.blocking_start_callback
                0x00009144        0x6 zephyr/drivers/clock_control/libdrivers__clock_control.a(clock_control_nrf.c.obj)
 .text.api_start
                0x0000914a       0x36 zephyr/drivers/clock_control/libdrivers__clock_control.a(clock_control_nrf.c.obj)
 .text.gpio_nrfx_port_get_raw
                0x00009180        0xe zephyr/drivers/gpio/libdrivers__gpio.a(gpio_nrfx.c.obj)
 .text.gpio_nrfx_port_set_masked_raw
                0x0000918e       0x16 zephyr/drivers/gpio/libdrivers__gpio.a(gpio_nrfx.c.obj)
 .text.gpio_nrfx_port_set_bits_raw
                0x000091a4        0xc zephyr/drivers/gpio/libdrivers__gpio.a(gpio_nrfx.c.obj)
 .text.gpio_nrfx_port_clear_bits_raw
                0x000091b0        0xc zephyr/drivers/gpio/libdrivers__gpio.a(gpio_nrfx.c.obj)
 .text.gpio_nrfx_port_toggle_bits
                0x000091bc       0x12 zephyr/drivers/gpio/libdrivers__gpio.a(gpio_nrfx.c.obj)
 .text.any_other_channel_is_active
                0x000091ce       0x2a zephyr/drivers/pwm/libdrivers__pwm.a(pwm_nrfx.c.obj)
 .text.pwm_nrfx_pin_set
                0x000091f8      0x170 zephyr/drivers/pwm/libdrivers__pwm.a(pwm_nrfx.c.obj)
 .text.uarte_nrfx_isr_int
                0x00009368       0x74 zephyr/drivers/serial/libdrivers__serial.a(uart_nrfx_uarte.c.obj)
 .text.uarte_nrfx_config_get
                0x000093dc       0x10 zephyr/drivers/serial/libdrivers__serial.a(uart_nrfx_uarte.c.obj)
 .text.uarte_nrfx_err_check
                0x000093ec        0xe zephyr/drivers/serial/libdrivers__serial.a(uart_nrfx_uarte.c.obj)
 .text.is_tx_ready
                0x000093fa       0x20 zephyr/drivers/serial/libdrivers__serial.a(uart_nrfx_uarte.c.obj)
 .text.uarte_nrfx_poll_in
                0x0000941a       0x26 zephyr/drivers/serial/libdrivers__serial.a(uart_nrfx_uarte.c.obj)
 .text.uarte_0_init
                0x00009440       0x1e zephyr/drivers/serial/libdrivers__serial.a(uart_nrfx_uarte.c.obj)
 .text.uarte_1_init
                0x0000945e       0x1e zephyr/drivers/serial/libdrivers__serial.a(uart_nrfx_uarte.c.obj)
 .text.sys_clock_idle_exit
                0x0000947c        0x2 zephyr/drivers/timer/libdrivers__timer.a(sys_clock_init.c.obj)
                0x0000947c                sys_clock_idle_exit
 .text.k_sys_fatal_error_handler
                0x0000947e        0x8 modules/nrf/lib/fatal_error/lib..__nrf__lib__fatal_error.a(fatal_error.c.obj)
                0x0000947e                k_sys_fatal_error_handler
 .text.hw_cc3xx_init_internal
                0x00009486        0x4 modules/nrf/drivers/hw_cc310/lib..__nrf__drivers__hw_cc310.a(hw_cc310.c.obj)
 .text.hw_cc3xx_init
                0x0000948a       0x12 modules/nrf/drivers/hw_cc310/lib..__nrf__drivers__hw_cc310.a(hw_cc310.c.obj)
 .text.nrfx_isr
                0x0000949c        0x2 modules/hal_nordic/nrfx/libmodules__hal_nordic__nrfx.a(nrfx_glue.c.obj)
                0x0000949c                nrfx_isr
 .text.nrfx_busy_wait
                0x0000949e        0x4 modules/hal_nordic/nrfx/libmodules__hal_nordic__nrfx.a(nrfx_glue.c.obj)
                0x0000949e                nrfx_busy_wait
 .text.nrf_gpio_pin_present_check
                0x000094a2       0x22 modules/hal_nordic/nrfx/libmodules__hal_nordic__nrfx.a(nrfx_gpiote.c.obj)
 .text.nrf_gpiote_in_event_get
                0x000094c4        0x8 modules/hal_nordic/nrfx/libmodules__hal_nordic__nrfx.a(nrfx_gpiote.c.obj)
 .text.nrf_gpio_reconfigure
                0x000094cc       0x96 modules/hal_nordic/nrfx/libmodules__hal_nordic__nrfx.a(nrfx_gpiote.c.obj)
 .text.nrf_gpio_cfg_sense_set
                0x00009562       0x1e modules/hal_nordic/nrfx/libmodules__hal_nordic__nrfx.a(nrfx_gpiote.c.obj)
 .text.start_playback.isra.0
                0x00009580       0x46 modules/hal_nordic/nrfx/libmodules__hal_nordic__nrfx.a(nrfx_pwm.c.obj)
 .text.z_device_state_init
                0x000095c6        0x2 zephyr/kernel/libkernel.a(device.c.obj)
                0x000095c6                z_device_state_init
 .text.z_device_ready
                0x000095c8       0x14 zephyr/kernel/libkernel.a(device.c.obj)
                0x000095c8                z_device_ready
 .text.z_pm_save_idle_exit
                0x000095dc        0xe zephyr/kernel/libkernel.a(idle.c.obj)
                0x000095dc                z_pm_save_idle_exit
 .text.k_mem_slab_init
                0x000095ea       0x38 zephyr/kernel/libkernel.a(mem_slab.c.obj)
                0x000095ea                k_mem_slab_init
 .text.z_impl_k_mutex_init
                0x00009622        0xe zephyr/kernel/libkernel.a(mutex.c.obj)
                0x00009622                z_impl_k_mutex_init
 .text.z_handle_obj_poll_events
                0x00009630       0x1c zephyr/kernel/libkernel.a(poll.c.obj)
                0x00009630                z_handle_obj_poll_events
 .text.z_reschedule_irqlock
                0x0000964c       0x18 zephyr/kernel/libkernel.a(sched.c.obj)
                0x0000964c                z_reschedule_irqlock
 .text.z_reschedule_unlocked
                0x00009664       0x14 zephyr/kernel/libkernel.a(sched.c.obj)
 .text.z_priq_dumb_best
                0x00009678       0x14 zephyr/kernel/libkernel.a(sched.c.obj)
                0x00009678                z_priq_dumb_best
 .text.z_impl_k_sem_init
                0x0000968c       0x20 zephyr/kernel/libkernel.a(sem.c.obj)
                0x0000968c                z_impl_k_sem_init
 .text.k_is_in_isr
                0x000096ac        0xc zephyr/kernel/libkernel.a(thread.c.obj)
                0x000096ac                k_is_in_isr
 .text.z_impl_k_thread_name_set
                0x000096b8        0x6 zephyr/kernel/libkernel.a(thread.c.obj)
                0x000096b8                z_impl_k_thread_name_set
 .text.z_impl_k_thread_start
                0x000096be        0x4 zephyr/kernel/libkernel.a(thread.c.obj)
                0x000096be                z_impl_k_thread_start
 .text.sys_clock_tick_get_32
                0x000096c2        0x8 zephyr/kernel/libkernel.a(timeout.c.obj)
                0x000096c2                sys_clock_tick_get_32
 .text.z_impl_k_uptime_ticks
                0x000096ca        0x4 zephyr/kernel/libkernel.a(timeout.c.obj)
                0x000096ca                z_impl_k_uptime_ticks
 .text.z_impl_k_busy_wait
                0x000096ce        0x8 zephyr/kernel/libkernel.a(timeout.c.obj)
                0x000096ce                z_impl_k_busy_wait
 .text.z_impl_k_timer_stop
                0x000096d6       0x3a zephyr/kernel/libkernel.a(timer.c.obj)
                0x000096d6                z_impl_k_timer_stop
 .text.notify_queue_locked
                0x00009710        0xe zephyr/kernel/libkernel.a(work.c.obj)
 .text._OffsetAbsSyms
                0x0000971e        0x2 zephyr/CMakeFiles/offsets.dir/./arch/arm/core/offsets/offsets.c.obj
                0x0000971e                _OffsetAbsSyms
 *(SORT_BY_ALIGNMENT(.TEXT.*))
 .TEXT.z_arm_platform_init
                0x00009720        0x4 zephyr/libzephyr.a(soc_nrf_common.S.obj)
                0x00009720                z_arm_platform_init
 *(SORT_BY_ALIGNMENT(.gnu.linkonce.t.*))
 *(SORT_BY_ALIGNMENT(.glue_7t))
 .glue_7t       0x00009724        0x0 linker stubs
 *(SORT_BY_ALIGNMENT(.glue_7))
 .glue_7        0x00009724        0x0 linker stubs
 *(SORT_BY_ALIGNMENT(.vfp11_veneer))
 .vfp11_veneer  0x00009724        0x0 linker stubs
 *(SORT_BY_ALIGNMENT(.v4_bx))
 .v4_bx         0x00009724        0x0 linker stubs
                0x00009724                __text_region_end = .

.ARM.exidx      0x00009724        0x8
                0x00009724                __exidx_start = .
 *(SORT_BY_ALIGNMENT(.ARM.exidx*) SORT_BY_ALIGNMENT(gnu.linkonce.armexidx.*))
 .ARM.exidx     0x00009724        0x8 c:/users/utilizador/ncs/v1.9.1/toolchain/opt/bin/../lib/gcc/arm-none-eabi/9.2.1/thumb/v7e-m/nofp\libgcc.a(_udivmoddi4.o)
                0x0000972c                __exidx_end = .
                0x0000972c                __rodata_region_start = .

initlevel       0x0000972c       0x70
                0x0000972c                __init_start = .
                0x0000972c                __init_PRE_KERNEL_1_start = .
 *(SORT_BY_NAME(SORT_BY_ALIGNMENT(.z_init_PRE_KERNEL_1[0-9]_*)))
 .z_init_PRE_KERNEL_10_
                0x0000972c        0x8 zephyr/soc/arm/nordic_nrf/nrf52/libsoc__arm__nordic_nrf__nrf52.a(soc.c.obj)
 *(SORT_BY_NAME(SORT_BY_ALIGNMENT(.z_init_PRE_KERNEL_1[1-9][0-9]_*)))
 .z_init_PRE_KERNEL_130_
                0x00009734        0x8 zephyr/drivers/clock_control/libdrivers__clock_control.a(clock_control_nrf.c.obj)
 .z_init_PRE_KERNEL_130_
                0x0000973c        0x8 zephyr/kernel/libkernel.a(mem_slab.c.obj)
 .z_init_PRE_KERNEL_140_
                0x00009744       0x10 zephyr/drivers/gpio/libdrivers__gpio.a(gpio_nrfx.c.obj)
 .z_init_PRE_KERNEL_140_
                0x00009754        0x8 modules/nrf/drivers/hw_cc310/lib..__nrf__drivers__hw_cc310.a(hw_cc310.c.obj)
 .z_init_PRE_KERNEL_155_
                0x0000975c       0x10 zephyr/drivers/serial/libdrivers__serial.a(uart_nrfx_uarte.c.obj)
 .z_init_PRE_KERNEL_160_
                0x0000976c        0x8 zephyr/drivers/console/libdrivers__console.a(uart_console.c.obj)
                0x00009774                __init_PRE_KERNEL_2_start = .
 *(SORT_BY_NAME(SORT_BY_ALIGNMENT(.z_init_PRE_KERNEL_2[0-9]_*)))
 .z_init_PRE_KERNEL_20_
                0x00009774        0x8 zephyr/drivers/timer/libdrivers__timer.a(nrf_rtc_timer.c.obj)
 *(SORT_BY_NAME(SORT_BY_ALIGNMENT(.z_init_PRE_KERNEL_2[1-9][0-9]_*)))
                0x0000977c                __init_POST_KERNEL_start = .
 *(SORT_BY_NAME(SORT_BY_ALIGNMENT(.z_init_POST_KERNEL[0-9]_*)))
 *(SORT_BY_NAME(SORT_BY_ALIGNMENT(.z_init_POST_KERNEL[1-9][0-9]_*)))
 .z_init_POST_KERNEL40_
                0x0000977c        0x8 modules/nrf/drivers/hw_cc310/lib..__nrf__drivers__hw_cc310.a(hw_cc310.c.obj)
 .z_init_POST_KERNEL40_
                0x00009784        0x8 zephyr/kernel/libkernel.a(system_work_q.c.obj)
 .z_init_POST_KERNEL50_
                0x0000978c        0x8 zephyr/drivers/adc/libdrivers__adc.a(adc_nrfx_saadc.c.obj)
 .z_init_POST_KERNEL50_
                0x00009794        0x8 zephyr/drivers/pwm/libdrivers__pwm.a(pwm_nrfx.c.obj)
                0x0000979c                __init_APPLICATION_start = .
 *(SORT_BY_NAME(SORT_BY_ALIGNMENT(.z_init_APPLICATION[0-9]_*)))
 *(SORT_BY_NAME(SORT_BY_ALIGNMENT(.z_init_APPLICATION[1-9][0-9]_*)))
                0x0000979c                __init_SMP_start = .
 *(SORT_BY_NAME(SORT_BY_ALIGNMENT(.z_init_SMP[0-9]_*)))
 *(SORT_BY_NAME(SORT_BY_ALIGNMENT(.z_init_SMP[1-9][0-9]_*)))
                0x0000979c                __init_end = .

devices         0x0000979c       0xa8
                0x0000979c                __device_start = .
                0x0000979c                __device_PRE_KERNEL_1_start = .
 *(SORT_BY_NAME(SORT_BY_ALIGNMENT(.z_device_PRE_KERNEL_1[0-9]_*)))
 *(SORT_BY_NAME(SORT_BY_ALIGNMENT(.z_device_PRE_KERNEL_1[1-9][0-9]_*)))
 .z_device_PRE_KERNEL_130_
                0x0000979c       0x18 zephyr/drivers/clock_control/libdrivers__clock_control.a(clock_control_nrf.c.obj)
                0x0000979c                __device_dts_ord_27
 .z_device_PRE_KERNEL_140_
                0x000097b4       0x30 zephyr/drivers/gpio/libdrivers__gpio.a(gpio_nrfx.c.obj)
                0x000097b4                __device_dts_ord_11
                0x000097cc                __device_dts_ord_54
 .z_device_PRE_KERNEL_155_
                0x000097e4       0x30 zephyr/drivers/serial/libdrivers__serial.a(uart_nrfx_uarte.c.obj)
                0x000097e4                __device_dts_ord_63
                0x000097fc                __device_dts_ord_62
                0x00009814                __device_PRE_KERNEL_2_start = .
 *(SORT_BY_NAME(SORT_BY_ALIGNMENT(.z_device_PRE_KERNEL_2[0-9]_*)))
 *(SORT_BY_NAME(SORT_BY_ALIGNMENT(.z_device_PRE_KERNEL_2[1-9][0-9]_*)))
                0x00009814                __device_POST_KERNEL_start = .
 *(SORT_BY_NAME(SORT_BY_ALIGNMENT(.z_device_POST_KERNEL[0-9]_*)))
 *(SORT_BY_NAME(SORT_BY_ALIGNMENT(.z_device_POST_KERNEL[1-9][0-9]_*)))
 .z_device_POST_KERNEL50_
                0x00009814       0x18 zephyr/drivers/adc/libdrivers__adc.a(adc_nrfx_saadc.c.obj)
                0x00009814                __device_dts_ord_26
 .z_device_POST_KERNEL50_
                0x0000982c       0x18 zephyr/drivers/pwm/libdrivers__pwm.a(pwm_nrfx.c.obj)
                0x0000982c                __device_dts_ord_24
                0x00009844                __device_APPLICATION_start = .
 *(SORT_BY_NAME(SORT_BY_ALIGNMENT(.z_device_APPLICATION[0-9]_*)))
 *(SORT_BY_NAME(SORT_BY_ALIGNMENT(.z_device_APPLICATION[1-9][0-9]_*)))
                0x00009844                __device_SMP_start = .
 *(SORT_BY_NAME(SORT_BY_ALIGNMENT(.z_device_SMP[0-9]_*)))
 *(SORT_BY_NAME(SORT_BY_ALIGNMENT(.z_device_SMP[1-9][0-9]_*)))
                0x00009844                __device_end = .

sw_isr_table    0x00009844      0x180
                0x00009844                . = ALIGN (0x0)
 *(SORT_BY_ALIGNMENT(.gnu.linkonce.sw_isr_table*))
 .gnu.linkonce.sw_isr_table
                0x00009844      0x180 zephyr/CMakeFiles/zephyr_final.dir/isr_tables.c.obj
                0x00009844                _sw_isr_table

initlevel_error
                0x0000972c        0x0
 *(SORT_BY_NAME(SORT_BY_ALIGNMENT(.z_init_[_A-Z0-9]*)))
                0x00000001                ASSERT ((SIZEOF (initlevel_error) == 0x0), Undefined initialization levels used.)

app_shmem_regions
                0x000099c4        0x0
                0x000099c4                __app_shmem_regions_start = .
 *(SORT_BY_NAME(SORT_BY_ALIGNMENT(.app_regions.*)))
                0x000099c4                __app_shmem_regions_end = .

bt_l2cap_fixed_chan_area
                0x000099c4        0x0
                0x000099c4                _bt_l2cap_fixed_chan_list_start = .
 *(SORT_BY_NAME(SORT_BY_ALIGNMENT(._bt_l2cap_fixed_chan.static.*)))
                0x000099c4                _bt_l2cap_fixed_chan_list_end = .

bt_gatt_service_static_area
                0x000099c4        0x0
                0x000099c4                _bt_gatt_service_static_list_start = .
 *(SORT_BY_NAME(SORT_BY_ALIGNMENT(._bt_gatt_service_static.static.*)))
                0x000099c4                _bt_gatt_service_static_list_end = .

k_p4wq_initparam_area
                0x000099c4        0x0
                0x000099c4                _k_p4wq_initparam_list_start = .
 *(SORT_BY_NAME(SORT_BY_ALIGNMENT(._k_p4wq_initparam.static.*)))
                0x000099c4                _k_p4wq_initparam_list_end = .

log_strings_sections
                0x000099c4        0x0
                0x000099c4                __log_strings_start = .
 *(SORT_BY_NAME(SORT_BY_ALIGNMENT(.log_strings*)))
                0x000099c4                __log_strings_end = .

log_const_sections
                0x000099c4        0x0
                0x000099c4                __log_const_start = .
 *(SORT_BY_NAME(SORT_BY_ALIGNMENT(.log_const_*)))
                0x000099c4                __log_const_end = .

log_backends_sections
                0x000099c4        0x0
                0x000099c4                __log_backends_start = .
 *(SORT_BY_ALIGNMENT(._log_backend.*))
                0x000099c4                __log_backends_end = .

shell_area      0x000099c4        0x0
                0x000099c4                _shell_list_start = .
 *(SORT_BY_NAME(SORT_BY_ALIGNMENT(._shell.static.*)))
                0x000099c4                _shell_list_end = .

shell_root_cmds_sections
                0x000099c4        0x0
                0x000099c4                __shell_root_cmds_start = .
 *(SORT_BY_NAME(SORT_BY_ALIGNMENT(.shell_root_cmd_*)))
                0x000099c4                __shell_root_cmds_end = .

font_entry_sections
                0x000099c4        0x0
                0x000099c4                __font_entry_start = .
 *(SORT_BY_NAME(SORT_BY_ALIGNMENT(._cfb_font.*)))
                0x000099c4                __font_entry_end = .

tracing_backend_area
                0x000099c4        0x0
                0x000099c4                _tracing_backend_list_start = .
 *(SORT_BY_NAME(SORT_BY_ALIGNMENT(._tracing_backend.static.*)))
                0x000099c4                _tracing_backend_list_end = .

zephyr_dbg_info
 *(SORT_BY_ALIGNMENT(.dbg_thread_info))

device_handles  0x000099c4       0x2a
                0x000099c4                __device_handles_start = .
 *(SORT_BY_NAME(SORT_BY_ALIGNMENT(.__device_handles_pass2*)))
 .__device_handles_pass2
                0x000099c4       0x2a zephyr/CMakeFiles/zephyr_final.dir/dev_handles.c.obj
                0x000099c4                __devicehdl_DT_N_S_soc_S_pwm_4001c000
                0x000099ca                __devicehdl_DT_N_S_soc_S_adc_40007000
                0x000099d0                __devicehdl_DT_N_S_soc_S_uart_40002000
                0x000099d6                __devicehdl_DT_N_S_soc_S_uart_40028000
                0x000099dc                __devicehdl_DT_N_S_soc_S_gpio_50000300
                0x000099e2                __devicehdl_DT_N_S_soc_S_gpio_50000000
                0x000099e8                __devicehdl_DT_N_S_soc_S_clock_40000000
                0x000099ee                __device_handles_end = .

rodata          0x000099f0     0x15a8
 *(SORT_BY_ALIGNMENT(.rodata))
 *(SORT_BY_ALIGNMENT(.rodata.*))
 .rodata.delay_machine_code.12410
                0x000099f0        0x6 zephyr/soc/arm/nordic_nrf/nrf52/libsoc__arm__nordic_nrf__nrf52.a(soc.c.obj)
 *fill*         0x000099f6        0x2 
 .rodata.apis   0x000099f8        0x8 zephyr/libzephyr.a(nrf_cc3xx_platform_abort_zephyr.c.obj)
 .rodata.mutex_apis
                0x00009a00       0x10 zephyr/libzephyr.a(nrf_cc3xx_platform_mutex_zephyr.c.obj)
 .rodata.mutexes
                0x00009a10       0x14 zephyr/libzephyr.a(nrf_cc3xx_platform_mutex_zephyr.c.obj)
 .rodata.static_regions
                0x00009a24        0xc zephyr/arch/arch/arm/core/aarch32/mpu/libarch__arm__core__aarch32__mpu.a(arm_core_mpu.c.obj)
 .rodata.mpu_config
                0x00009a30        0x8 zephyr/soc/arm/common/cortex_m/libsoc__arm__common__cortex_m.a(arm_mpu_regions.c.obj)
                0x00009a30                mpu_config
 .rodata.mpu_regions
                0x00009a38       0x18 zephyr/soc/arm/common/cortex_m/libsoc__arm__common__cortex_m.a(arm_mpu_regions.c.obj)
 .rodata.adc_nrfx_driver_api
                0x00009a50       0x10 zephyr/drivers/adc/libdrivers__adc.a(adc_nrfx_saadc.c.obj)
 .rodata.clock_control_api
                0x00009a60       0x18 zephyr/drivers/clock_control/libdrivers__clock_control.a(clock_control_nrf.c.obj)
 .rodata.config
                0x00009a78       0x10 zephyr/drivers/clock_control/libdrivers__clock_control.a(clock_control_nrf.c.obj)
 .rodata.transitions.11168
                0x00009a88        0xc zephyr/drivers/clock_control/libdrivers__clock_control.a(clock_control_nrf.c.obj)
 .rodata.gpio_nrfx_drv_api_funcs
                0x00009a94       0x24 zephyr/drivers/gpio/libdrivers__gpio.a(gpio_nrfx.c.obj)
 .rodata.gpio_nrfx_p0_cfg
                0x00009ab8       0x10 zephyr/drivers/gpio/libdrivers__gpio.a(gpio_nrfx.c.obj)
 .rodata.gpio_nrfx_p1_cfg
                0x00009ac8       0x10 zephyr/drivers/gpio/libdrivers__gpio.a(gpio_nrfx.c.obj)
 .rodata.pwm_nrfx_0config
                0x00009ad8       0x28 zephyr/drivers/pwm/libdrivers__pwm.a(pwm_nrfx.c.obj)
 .rodata.pwm_nrfx_drv_api_funcs
                0x00009b00        0x8 zephyr/drivers/pwm/libdrivers__pwm.a(pwm_nrfx.c.obj)
 .rodata.uart_nrfx_uarte_driver_api
                0x00009b08       0x14 zephyr/drivers/serial/libdrivers__serial.a(uart_nrfx_uarte.c.obj)
 .rodata.uarte_0z_config
                0x00009b1c       0x20 zephyr/drivers/serial/libdrivers__serial.a(uart_nrfx_uarte.c.obj)
 .rodata.uarte_1z_config
                0x00009b3c       0x20 zephyr/drivers/serial/libdrivers__serial.a(uart_nrfx_uarte.c.obj)
 .rodata.levels.9433
                0x00009b5c       0x14 zephyr/kernel/libkernel.a(device.c.obj)
 .rodata._k_neg_eagain
                0x00009b70        0x4 zephyr/kernel/libkernel.a(errno.c.obj)
                0x00009b70                _k_neg_eagain
 .rodata.CSWTCH.8
                0x00009b74       0x1c C:/Users/Utilizador/ncs/v1.9.1/nrfxlib/crypto/nrf_cc310_platform/lib/cortex-m4/soft-float/no-interrupts/libnrf_cc310_platform_0.9.13.a(nrf_cc3xx_platform.c.obj)
 .rodata.mutex_free.str1.4
                0x00009b90       0x26 C:/Users/Utilizador/ncs/v1.9.1/nrfxlib/crypto/nrf_cc310_platform/lib/cortex-m4/soft-float/no-interrupts/libnrf_cc310_platform_0.9.13.a(nrf_cc3xx_platform_mutex.c.obj)
 *fill*         0x00009bb6        0x2 
 .rodata.mutex_init.str1.4
                0x00009bb8       0x23 C:/Users/Utilizador/ncs/v1.9.1/nrfxlib/crypto/nrf_cc310_platform/lib/cortex-m4/soft-float/no-interrupts/libnrf_cc310_platform_0.9.13.a(nrf_cc3xx_platform_mutex.c.obj)
 *fill*         0x00009bdb        0x1 
 .rodata.CC_PalPowerSaveModeInit.str1.4
                0x00009bdc       0x20 C:/Users/Utilizador/ncs/v1.9.1/nrfxlib/crypto/nrf_cc310_platform/lib/cortex-m4/soft-float/no-interrupts/libnrf_cc310_platform_0.9.13.a(cc_pal_pm.c.obj)
 .rodata.my_channel_cfg
                0x00009bfc        0x8 app/libapp.a(main.c.obj)
 .rodata.thread_B_code.str1.1
                0x00009c04       0x73 app/libapp.a(main.c.obj)
 .rodata.thread_A_code.str1.1
                0x00009c77      0x15e app/libapp.a(main.c.obj)
 .rodata.thread_C_code.str1.1
                0x00009dd5       0xbd app/libapp.a(main.c.obj)
 .rodata.main.str1.1
                0x00009e92       0x89 app/libapp.a(main.c.obj)
 .rodata.cbvprintf.str1.1
                0x00009f1b        0x6 zephyr/libzephyr.a(cbprintf_complete.c.obj)
 .rodata.sys_notify_finalize.str1.1
                0x00009f21       0x40 zephyr/libzephyr.a(notify.c.obj)
                                 0x42 (size before relaxing)
 .rodata.mutex_free_platform.str1.1
                0x00009f61       0x26 zephyr/libzephyr.a(nrf_cc3xx_platform_mutex_zephyr.c.obj)
 .rodata.mutex_init_platform.str1.1
                0x00009f87       0x2d zephyr/libzephyr.a(nrf_cc3xx_platform_mutex_zephyr.c.obj)
 .rodata.process_event.str1.1
                0x00009fb4      0x122 zephyr/libzephyr.a(onoff.c.obj)
                                0x141 (size before relaxing)
 .rodata.pm_state_notify.str1.1
                0x0000a0d6       0x9c zephyr/libzephyr.a(pm.c.obj)
 .rodata.sys_reboot.str1.1
                0x0000a0d6       0x29 zephyr/libzephyr.a(reboot.c.obj)
 .rodata.z_arm_irq_priority_set.str1.1
                0x0000a0ff       0x91 zephyr/arch/arch/arm/core/aarch32/libarch__arm__core__aarch32.a(irq_manage.c.obj)
                                 0xae (size before relaxing)
 .rodata.mem_manage_fault.str1.1
                0x0000a190       0xa7 zephyr/arch/arch/arm/core/aarch32/cortex_m/libarch__arm__core__aarch32__cortex_m.a(fault.c.obj)
                                 0xc4 (size before relaxing)
 .rodata.z_arm_fault.str1.1
                0x0000a237       0xa5 zephyr/arch/arch/arm/core/aarch32/cortex_m/libarch__arm__core__aarch32__cortex_m.a(fault.c.obj)
                                 0xa7 (size before relaxing)
 .rodata.arm_core_mpu_configure_static_mpu_regions.str1.1
                0x0000a2dc       0x63 zephyr/arch/arch/arm/core/aarch32/mpu/libarch__arm__core__aarch32__mpu.a(arm_mpu.c.obj)
                                 0x82 (size before relaxing)
 .rodata.arm_core_mpu_configure_dynamic_mpu_regions.str1.1
                0x0000a33f       0x2d zephyr/arch/arch/arm/core/aarch32/mpu/libarch__arm__core__aarch32__mpu.a(arm_mpu.c.obj)
 .rodata.z_arm_mpu_init.str1.1
                0x0000a36c       0xa5 zephyr/arch/arch/arm/core/aarch32/mpu/libarch__arm__core__aarch32__mpu.a(arm_mpu.c.obj)
 .rodata.str1.1
                0x0000a411        0xf zephyr/soc/arm/common/cortex_m/libsoc__arm__common__cortex_m.a(arm_mpu_regions.c.obj)
 .rodata.CSWTCH.9
                0x0000a420        0x6 zephyr/soc/arm/nordic_nrf/nrf52/libsoc__arm__nordic_nrf__nrf52.a(soc.c.obj)
 .rodata.str1.1
                0x0000a426        0x6 zephyr/drivers/adc/libdrivers__adc.a(adc_nrfx_saadc.c.obj)
 .rodata.get_status.str1.1
                0x0000a426       0x61 zephyr/drivers/clock_control/libdrivers__clock_control.a(clock_control_nrf.c.obj)
                                 0x7e (size before relaxing)
 .rodata.clock_event_handler.str1.1
                0x0000a487        0x2 zephyr/drivers/clock_control/libdrivers__clock_control.a(clock_control_nrf.c.obj)
 .rodata.z_nrf_clock_control_lf_on.str1.1
                0x0000a487        0x9 zephyr/drivers/clock_control/libdrivers__clock_control.a(clock_control_nrf.c.obj)
 .rodata.str1.1
                0x0000a490        0x6 zephyr/drivers/clock_control/libdrivers__clock_control.a(clock_control_nrf.c.obj)
 .rodata.gpio_nrfx_manage_callback.str1.1
                0x0000a496       0x6e zephyr/drivers/gpio/libdrivers__gpio.a(gpio_nrfx.c.obj)
                                 0x8b (size before relaxing)
 .rodata.nrfx_gpio_handler.str1.1
                0x0000a504        0xc zephyr/drivers/gpio/libdrivers__gpio.a(gpio_nrfx.c.obj)
 .rodata.gpio_nrfx_pin_interrupt_configure.str1.1
                0x0000a510       0x56 zephyr/drivers/gpio/libdrivers__gpio.a(gpio_nrfx.c.obj)
                                 0x58 (size before relaxing)
 .rodata.str1.1
                0x0000a566        0x7 zephyr/drivers/gpio/libdrivers__gpio.a(gpio_nrfx.c.obj)
                                  0xe (size before relaxing)
 .rodata.nrf_gpio_pin_port_decode.str1.1
                0x0000a56d       0x75 zephyr/drivers/pwm/libdrivers__pwm.a(pwm_nrfx.c.obj)
 .rodata.str1.1
                0x0000a56d        0x6 zephyr/drivers/pwm/libdrivers__pwm.a(pwm_nrfx.c.obj)
 .rodata.nrf_gpio_pin_port_decode.str1.1
                0x0000a56d       0x75 zephyr/drivers/serial/libdrivers__serial.a(uart_nrfx_uarte.c.obj)
 .rodata.str1.1
                0x0000a56d        0xe zephyr/drivers/serial/libdrivers__serial.a(uart_nrfx_uarte.c.obj)
 .rodata.nrf_clock_is_running.constprop.0.str1.1
                0x0000a57b       0x34 modules/hal_nordic/nrfx/libmodules__hal_nordic__nrfx.a(nrfx_clock.c.obj)
                                 0x53 (size before relaxing)
 .rodata.nrfx_clock_init.str1.1
                0x0000a5af       0x4b modules/hal_nordic/nrfx/libmodules__hal_nordic__nrfx.a(nrfx_clock.c.obj)
 .rodata.nrfx_clock_enable.str1.1
                0x0000a5fa       0x1e modules/hal_nordic/nrfx/libmodules__hal_nordic__nrfx.a(nrfx_clock.c.obj)
 .rodata.legacy_handler.str1.1
                0x0000a618       0x64 modules/hal_nordic/nrfx/libmodules__hal_nordic__nrfx.a(nrfx_gpiote.c.obj)
                                 0x81 (size before relaxing)
 .rodata.release_handler.str1.1
                0x0000a67c       0x14 modules/hal_nordic/nrfx/libmodules__hal_nordic__nrfx.a(nrfx_gpiote.c.obj)
 .rodata.nrf_gpio_pin_port_decode.str1.1
                0x0000a690       0x58 modules/hal_nordic/nrfx/libmodules__hal_nordic__nrfx.a(nrfx_gpiote.c.obj)
 .rodata.nrfx_gpiote_channel_get.str1.1
                0x0000a690        0xa modules/hal_nordic/nrfx/libmodules__hal_nordic__nrfx.a(nrfx_gpiote.c.obj)
 .rodata.nrfx_gpiote_trigger_enable.str1.1
                0x0000a69a       0x20 modules/hal_nordic/nrfx/libmodules__hal_nordic__nrfx.a(nrfx_gpiote.c.obj)
 .rodata.nrf_pwm_sequence_set.str1.1
                0x0000a6ba       0xcd modules/hal_nordic/nrfx/libmodules__hal_nordic__nrfx.a(nrfx_pwm.c.obj)
                                 0xea (size before relaxing)
 .rodata.nrf_gpio_pin_port_decode.str1.1
                0x0000a787       0x58 modules/hal_nordic/nrfx/libmodules__hal_nordic__nrfx.a(nrfx_pwm.c.obj)
 .rodata.nrfx_pwm_init.str1.1
                0x0000a787       0x65 modules/hal_nordic/nrfx/libmodules__hal_nordic__nrfx.a(nrfx_pwm.c.obj)
 .rodata.nrfx_pwm_uninit.str1.1
                0x0000a7ec       0x2c modules/hal_nordic/nrfx/libmodules__hal_nordic__nrfx.a(nrfx_pwm.c.obj)
 .rodata.nrfx_pwm_simple_playback.str1.1
                0x0000a818       0x3c modules/hal_nordic/nrfx/libmodules__hal_nordic__nrfx.a(nrfx_pwm.c.obj)
 .rodata.nrfx_pwm_stop.str1.1
                0x0000a854       0x45 modules/hal_nordic/nrfx/libmodules__hal_nordic__nrfx.a(nrfx_pwm.c.obj)
 .rodata.CSWTCH.14
                0x0000a899        0x6 modules/hal_nordic/nrfx/libmodules__hal_nordic__nrfx.a(system_nrf52840.c.obj)
 .rodata.CSWTCH.5
                0x0000a89f        0x6 modules/hal_nordic/nrfx/libmodules__hal_nordic__nrfx.a(system_nrf52840.c.obj)
 .rodata.z_fatal_error.str1.1
                0x0000a8a5       0x74 zephyr/kernel/libkernel.a(fatal.c.obj)
                                 0x91 (size before relaxing)
 .rodata.idle.str1.1
                0x0000a919       0x49 zephyr/kernel/libkernel.a(idle.c.obj)
                                 0x66 (size before relaxing)
 .rodata.z_cstart.str1.1
                0x0000a962        0x5 zephyr/kernel/libkernel.a(init.c.obj)
 .rodata.init_mem_slab_module.str1.1
                0x0000a967       0x61 zephyr/kernel/libkernel.a(mem_slab.c.obj)
                                 0x7e (size before relaxing)
 .rodata.k_mem_slab_alloc.str1.1
                0x0000a9c8       0x7f zephyr/kernel/libkernel.a(mem_slab.c.obj)
 .rodata.z_impl_k_mutex_lock.str1.1
                0x0000a9c8       0x59 zephyr/kernel/libkernel.a(mutex.c.obj)
                                 0xf5 (size before relaxing)
 .rodata.z_impl_k_mutex_unlock.str1.1
                0x0000aa21       0x76 zephyr/kernel/libkernel.a(mutex.c.obj)
 .rodata.clear_event_registrations.str1.1
                0x0000aa97       0xfb zephyr/kernel/libkernel.a(poll.c.obj)
                                0x199 (size before relaxing)
 .rodata.signal_poll_event.str1.1
                0x0000ab92       0x35 zephyr/kernel/libkernel.a(poll.c.obj)
 .rodata.k_sched_time_slice_set.str1.1
                0x0000abc7       0x9c zephyr/kernel/libkernel.a(sched.c.obj)
 .rodata.k_sched_lock.str1.1
                0x0000abc7       0x71 zephyr/kernel/libkernel.a(sched.c.obj)
 .rodata.z_priq_dumb_remove.str1.1
                0x0000abc7       0x43 zephyr/kernel/libkernel.a(sched.c.obj)
 .rodata.unpend_thread_no_timeout.str1.1
                0x0000ac0a       0x17 zephyr/kernel/libkernel.a(sched.c.obj)
 .rodata.update_cache.str1.1
                0x0000ac21       0x27 zephyr/kernel/libkernel.a(sched.c.obj)
 .rodata.k_sched_unlock.str1.1
                0x0000ac48       0x31 zephyr/kernel/libkernel.a(sched.c.obj)
 .rodata.z_tick_sleep.str1.1
                0x0000ac79       0x40 zephyr/kernel/libkernel.a(sched.c.obj)
 .rodata.z_thread_abort.str1.1
                0x0000acb9       0x22 zephyr/kernel/libkernel.a(sched.c.obj)
                                 0x24 (size before relaxing)
 .rodata.z_impl_k_sem_give.str1.1
                0x0000acdb       0x70 zephyr/kernel/libkernel.a(sem.c.obj)
 .rodata.z_impl_k_sem_take.str1.1
                0x0000acdb       0x6d zephyr/kernel/libkernel.a(sem.c.obj)
                                 0x9c (size before relaxing)
 .rodata.k_sys_work_q_init.str1.1
                0x0000ad48        0x9 zephyr/kernel/libkernel.a(system_work_q.c.obj)
 .rodata.z_setup_new_thread.str1.1
                0x0000ad51       0xd4 zephyr/kernel/libkernel.a(thread.c.obj)
                                 0xf1 (size before relaxing)
 .rodata.z_impl_k_thread_create.str1.1
                0x0000ae25       0x25 zephyr/kernel/libkernel.a(thread.c.obj)
                                 0x37 (size before relaxing)
 .rodata.z_init_static_threads.str1.1
                0x0000ae4a       0x2d zephyr/kernel/libkernel.a(thread.c.obj)
                                 0x4c (size before relaxing)
 .rodata.z_add_timeout.str1.1
                0x0000ae77       0x44 zephyr/kernel/libkernel.a(timeout.c.obj)
                                 0xe3 (size before relaxing)
 .rodata.z_timer_expiration_handler.str1.1
                0x0000aebb       0x9c zephyr/kernel/libkernel.a(timer.c.obj)
 .rodata.work_queue_main.str1.1
                0x0000aebb       0x38 zephyr/kernel/libkernel.a(work.c.obj)
                                 0xd4 (size before relaxing)
 .rodata.submit_to_queue_locked.str1.1
                0x0000aef3       0x1b zephyr/kernel/libkernel.a(work.c.obj)
 .rodata.k_work_init.str1.1
                0x0000af0e       0x14 zephyr/kernel/libkernel.a(work.c.obj)
 .rodata.k_work_queue_start.str1.1
                0x0000af22       0x40 zephyr/kernel/libkernel.a(work.c.obj)
 .rodata.boot_banner.str1.1
                0x0000af62       0x36 zephyr/kernel/libkernel.a(banner.c.obj)
                                 0x37 (size before relaxing)
 *(SORT_BY_ALIGNMENT(.gnu.linkonce.r.*))
                0x0000af98                . = ALIGN (0x4)
                0x0000af98                __rodata_region_end = .
                0x0000afa0                . = ALIGN (_region_min_align)
                0x00010000                . = ALIGN ((0x1 << ((__rodata_region_end - __rom_region_start) <= 0x4)?0x2:((__rodata_region_end - __rom_region_start) <= 0x8)?0x3:((__rodata_region_end - __rom_region_start) <= 0x10)?0x4:((__rodata_region_end - __rom_region_start) <= 0x20)?0x5:((__rodata_region_end - __rom_region_start) <= 0x40)?0x6:((__rodata_region_end - __rom_region_start) <= 0x80)?0x7:((__rodata_region_end - __rom_region_start) <= 0x100)?0x8:((__rodata_region_end - __rom_region_start) <= 0x200)?0x9:((__rodata_region_end - __rom_region_start) <= 0x400)?0xa:((__rodata_region_end - __rom_region_start) <= 0x800)?0xb:((__rodata_region_end - __rom_region_start) <= 0x1000)?0xc:((__rodata_region_end - __rom_region_start) <= 0x2000)?0xd:((__rodata_region_end - __rom_region_start) <= 0x4000)?0xe:((__rodata_region_end - __rom_region_start) <= 0x8000)?0xf:((__rodata_region_end - __rom_region_start) <= 0x10000)?0x10:((__rodata_region_end - __rom_region_start) <= 0x20000)?0x11:((__rodata_region_end - __rom_region_start) <= 0x40000)?0x12:((__rodata_region_end - __rom_region_start) <= 0x80000)?0x13:((__rodata_region_end - __rom_region_start) <= 0x100000)?0x14:((__rodata_region_end - __rom_region_start) <= 0x200000)?0x15:((__rodata_region_end - __rom_region_start) <= 0x400000)?0x16:((__rodata_region_end - __rom_region_start) <= 0x800000)?0x17:((__rodata_region_end - __rom_region_start) <= 0x1000000)?0x18:((__rodata_region_end - __rom_region_start) <= 0x2000000)?0x19:((__rodata_region_end - __rom_region_start) <= 0x4000000)?0x1a:((__rodata_region_end - __rom_region_start) <= 0x8000000)?0x1b:((__rodata_region_end - __rom_region_start) <= 0x10000000)?0x1c:((__rodata_region_end - __rom_region_start) <= 0x20000000)?0x1d:((__rodata_region_end - __rom_region_start) <= 0x40000000)?0x1e:((__rodata_region_end - __rom_region_start) <= 0x80000000)?0x1f:0x20))
                0x00010000                __rom_region_end = .
                0x20000000                . = 0x20000000
                0x20000000                . = ALIGN (_region_min_align)
                0x20000000                _image_ram_start = .

.ramfunc        0x20000000        0x0 load address 0x0000af98
                0x20000000                . = ALIGN (_region_min_align)
                0x20000000                . = ALIGN ((0x1 << (__ramfunc_size <= 0x4)?0x2:(__ramfunc_size <= 0x8)?0x3:(__ramfunc_size <= 0x10)?0x4:(__ramfunc_size <= 0x20)?0x5:(__ramfunc_size <= 0x40)?0x6:(__ramfunc_size <= 0x80)?0x7:(__ramfunc_size <= 0x100)?0x8:(__ramfunc_size <= 0x200)?0x9:(__ramfunc_size <= 0x400)?0xa:(__ramfunc_size <= 0x800)?0xb:(__ramfunc_size <= 0x1000)?0xc:(__ramfunc_size <= 0x2000)?0xd:(__ramfunc_size <= 0x4000)?0xe:(__ramfunc_size <= 0x8000)?0xf:(__ramfunc_size <= 0x10000)?0x10:(__ramfunc_size <= 0x20000)?0x11:(__ramfunc_size <= 0x40000)?0x12:(__ramfunc_size <= 0x80000)?0x13:(__ramfunc_size <= 0x100000)?0x14:(__ramfunc_size <= 0x200000)?0x15:(__ramfunc_size <= 0x400000)?0x16:(__ramfunc_size <= 0x800000)?0x17:(__ramfunc_size <= 0x1000000)?0x18:(__ramfunc_size <= 0x2000000)?0x19:(__ramfunc_size <= 0x4000000)?0x1a:(__ramfunc_size <= 0x8000000)?0x1b:(__ramfunc_size <= 0x10000000)?0x1c:(__ramfunc_size <= 0x20000000)?0x1d:(__ramfunc_size <= 0x40000000)?0x1e:(__ramfunc_size <= 0x80000000)?0x1f:0x20))
                0x20000000                __ramfunc_start = .
 *(SORT_BY_ALIGNMENT(.ramfunc))
 *(SORT_BY_ALIGNMENT(.ramfunc.*))
                0x20000000                . = ALIGN (_region_min_align)
                0x20000000                . = ALIGN ((0x1 << (__ramfunc_size <= 0x4)?0x2:(__ramfunc_size <= 0x8)?0x3:(__ramfunc_size <= 0x10)?0x4:(__ramfunc_size <= 0x20)?0x5:(__ramfunc_size <= 0x40)?0x6:(__ramfunc_size <= 0x80)?0x7:(__ramfunc_size <= 0x100)?0x8:(__ramfunc_size <= 0x200)?0x9:(__ramfunc_size <= 0x400)?0xa:(__ramfunc_size <= 0x800)?0xb:(__ramfunc_size <= 0x1000)?0xc:(__ramfunc_size <= 0x2000)?0xd:(__ramfunc_size <= 0x4000)?0xe:(__ramfunc_size <= 0x8000)?0xf:(__ramfunc_size <= 0x10000)?0x10:(__ramfunc_size <= 0x20000)?0x11:(__ramfunc_size <= 0x40000)?0x12:(__ramfunc_size <= 0x80000)?0x13:(__ramfunc_size <= 0x100000)?0x14:(__ramfunc_size <= 0x200000)?0x15:(__ramfunc_size <= 0x400000)?0x16:(__ramfunc_size <= 0x800000)?0x17:(__ramfunc_size <= 0x1000000)?0x18:(__ramfunc_size <= 0x2000000)?0x19:(__ramfunc_size <= 0x4000000)?0x1a:(__ramfunc_size <= 0x8000000)?0x1b:(__ramfunc_size <= 0x10000000)?0x1c:(__ramfunc_size <= 0x20000000)?0x1d:(__ramfunc_size <= 0x40000000)?0x1e:(__ramfunc_size <= 0x80000000)?0x1f:0x20))
                0x20000000                __ramfunc_end = .
                0x00000000                __ramfunc_size = (__ramfunc_end - __ramfunc_start)
                0x0000af98                __ramfunc_load_start = LOADADDR (.ramfunc)

datas           0x20000000      0x1ec load address 0x0000af98
                0x20000000                __data_region_start = .
                0x20000000                __data_start = .
 *(SORT_BY_ALIGNMENT(.data))
 *(SORT_BY_ALIGNMENT(.data.*))
 .data.m_data   0x20000000       0xb0 zephyr/drivers/adc/libdrivers__adc.a(adc_nrfx_saadc.c.obj)
 .data.asym_mutex
                0x200000b0        0x8 zephyr/libzephyr.a(nrf_cc3xx_platform_mutex_zephyr.c.obj)
 .data.power_mutex
                0x200000b8        0x8 zephyr/libzephyr.a(nrf_cc3xx_platform_mutex_zephyr.c.obj)
 .data.rng_mutex
                0x200000c0        0x8 zephyr/libzephyr.a(nrf_cc3xx_platform_mutex_zephyr.c.obj)
 .data.sym_mutex
                0x200000c8        0x8 zephyr/libzephyr.a(nrf_cc3xx_platform_mutex_zephyr.c.obj)
 .data._char_out
                0x200000d0        0x4 zephyr/libzephyr.a(printk.c.obj)
                0x200000d0                _char_out
 .data._stdout_hook
                0x200000d4        0x4 zephyr/lib/libc/minimal/liblib__libc__minimal.a(stdout_console.c.obj)
 .data.uarte_0_data
                0x200000d8       0x14 zephyr/drivers/serial/libdrivers__serial.a(uart_nrfx_uarte.c.obj)
 .data.uarte_1_data
                0x200000ec       0x14 zephyr/drivers/serial/libdrivers__serial.a(uart_nrfx_uarte.c.obj)
 .data.m_cb     0x20000100       0x7c modules/hal_nordic/nrfx/libmodules__hal_nordic__nrfx.a(nrfx_gpiote.c.obj)
 .data.m_channels_allocated
                0x2000017c        0x4 modules/hal_nordic/nrfx/libmodules__hal_nordic__nrfx.a(nrfx_ppi.c.obj)
 .data.SystemCoreClock
                0x20000180        0x4 modules/hal_nordic/nrfx/libmodules__hal_nordic__nrfx.a(system_nrf52840.c.obj)
                0x20000180                SystemCoreClock
 .data.timeout_list
                0x20000184        0x8 zephyr/kernel/libkernel.a(timeout.c.obj)
 .data.platform_abort_apis
                0x2000018c        0x8 C:/Users/Utilizador/ncs/v1.9.1/nrfxlib/crypto/nrf_cc310_platform/lib/cortex-m4/soft-float/no-interrupts/libnrf_cc310_platform_0.9.13.a(nrf_cc3xx_platform_abort.c.obj)
                0x2000018c                platform_abort_apis
 .data.asym_mutex
                0x20000194        0x8 C:/Users/Utilizador/ncs/v1.9.1/nrfxlib/crypto/nrf_cc310_platform/lib/cortex-m4/soft-float/no-interrupts/libnrf_cc310_platform_0.9.13.a(nrf_cc3xx_platform_mutex.c.obj)
 .data.platform_mutex_apis
                0x2000019c       0x10 C:/Users/Utilizador/ncs/v1.9.1/nrfxlib/crypto/nrf_cc310_platform/lib/cortex-m4/soft-float/no-interrupts/libnrf_cc310_platform_0.9.13.a(nrf_cc3xx_platform_mutex.c.obj)
                0x2000019c                platform_mutex_apis
 .data.platform_mutexes
                0x200001ac       0x14 C:/Users/Utilizador/ncs/v1.9.1/nrfxlib/crypto/nrf_cc310_platform/lib/cortex-m4/soft-float/no-interrupts/libnrf_cc310_platform_0.9.13.a(nrf_cc3xx_platform_mutex.c.obj)